sample_data/sample_sales.csv
date,store_id,store_name,region,product_id,product_name,category,sales,price,promotion,discount_pct,unit_cost,current_stock
2025-01-01,S001,Downtown Flagship,North,P001,Classic Sneakers,Footwear,17,67.15,1,15,34,620
2025-01-02,S001,Downtown Flagship,North,P001,Classic Sneakers,Footwear,19,67.15,1,15,34,620
2025-01-03,S001,Downtown Flagship,North,P001,Classic Sneakers,Footwear,20,67.15,1,15,34,620
2025-01-04,S001,Downtown Flagship,North,P001,Classic Sneakers,Footwear,24,67.15,1,15,34,620
2025-01-05,S001,Downtown Flagship,North,P001,Classic Sneakers,Footwear,13,79,0,0,34,620
2025-01-06,S001,Downtown Flagship,North,P001,Classic Sneakers,Footwear,17,79,0,0,34,620
2025-01-07,S001,Downtown Flagship,North,P001,Classic Sneakers,Footwear,14,79,0,0,34,620
2025-01-08,S001,Downtown Flagship,North,P001,Classic Sneakers,Footwear,11,79,0,0,34,620
2025-01-09,S001,Downtown Flagship,North,P001,Classic Sneakers,Footwear,16,79,0,0,34,620
2025-01-10,S001,Downtown Flagship,North,P001,Classic Sneakers,Footwear,5,79,0,0,34,620
2025-01-11,S001,Downtown Flagship,North,P001,Classic Sneakers,Footwear,16,79,0,0,34,620
2025-01-12,S001,Downtown Flagship,North,P001,Classic Sneakers,Footwear,21,79,0,0,34,620
2025-01-13,S001,Downtown Flagship,North,P001,Classic Sneakers,Footwear,11,79,0,0,34,620
2025-01-14,S001,Downtown Flagship,North,P001,Classic Sneakers,Footwear,10,79,0,0,34,620
2025-01-15,S001,Downtown Flagship,North,P001,Classic Sneakers,Footwear,13,79,0,0,34,620
2025-01-16,S001,Downtown Flagship,North,P001,Classic Sneakers,Footwear,12,79,0,0,34,620
2025-01-17,S001,Downtown Flagship,North,P001,Classic Sneakers,Footwear,13,79,0,0,34,620
2025-01-18,S001,Downtown Flagship,North,P001,Classic Sneakers,Footwear,14,79,0,0,34,620
2025-01-19,S001,Downtown Flagship,North,P001,Classic Sneakers,Footwear,12,79,0,0,34,620
2025-01-20,S001,Downtown Flagship,North,P001,Classic Sneakers,Footwear,17,79,0,0,34,620
2025-01-21,S001,Downtown Flagship,North,P001,Classic Sneakers,Footwear,9,79,0,0,34,620
2025-01-22,S001,Downtown Flagship,North,P001,Classic Sneakers,Footwear,16,79,0,0,34,620
2025-01-23,S001,Downtown Flagship,North,P001,Classic Sneakers,Footwear,15,79,0,0,34,620
2025-01-24,S001,Downtown Flagship,North,P001,Classic Sneakers,Footwear,16,79,0,0,34,620
2025-01-25,S001,Downtown Flagship,North,P001,Classic Sneakers,Footwear,14,79,0,0,34,620
2025-01-26,S001,Downtown Flagship,North,P001,Classic Sneakers,Footwear,19,79,0,0,34,620
2025-01-27,S001,Downtown Flagship,North,P001,Classic Sneakers,Footwear,13,79,0,0,34,620
2025-01-28,S001,Downtown Flagship,North,P001,Classic Sneakers,Footwear,18,79,0,0,34,620
2025-01-29,S001,Downtown Flagship,North,P001,Classic Sneakers,Footwear,14,79,0,0,34,620
2025-01-30,S001,Downtown Flagship,North,P001,Classic Sneakers,Footwear,11,79,0,0,34,620
2025-01-31,S001,Downtown Flagship,North,P001,Classic Sneakers,Footwear,13,79,0,0,34,620
2025-02-01,S001,Downtown Flagship,North,P001,Classic Sneakers,Footwear,24,67.15,1,15,34,620
2025-02-02,S001,Downtown Flagship,North,P001,Classic Sneakers,Footwear,22,67.15,1,15,34,620
2025-02-03,S001,Downtown Flagship,North,P001,Classic Sneakers,Footwear,16,67.15,1,15,34,620
2025-02-04,S001,Downtown Flagship,North,P001,Classic Sneakers,Footwear,18,67.15,1,15,34,620
2025-02-05,S001,Downtown Flagship,North,P001,Classic Sneakers,Footwear,10,79,0,0,34,620
2025-02-06,S001,Downtown Flagship,North,P001,Classic Sneakers,Footwear,17,79,0,0,34,620
2025-02-07,S001,Downtown Flagship,North,P001,Classic Sneakers,Footwear,17,79,0,0,34,620
2025-02-08,S001,Downtown Flagship,North,P001,Classic Sneakers,Footwear,17,79,0,0,34,620
2025-02-09,S001,Downtown Flagship,North,P001,Classic Sneakers,Footwear,17,79,0,0,34,620
2025-02-10,S001,Downtown Flagship,North,P001,Classic Sneakers,Footwear,13,79,0,0,34,620
2025-02-11,S001,Downtown Flagship,North,P001,Classic Sneakers,Footwear,13,79,0,0,34,620
2025-02-12,S001,Downtown Flagship,North,P001,Classic Sneakers,Footwear,18,79,0,0,34,620
2025-02-13,S001,Downtown Flagship,North,P001,Classic Sneakers,Footwear,14,79,0,0,34,620
2025-02-14,S001,Downtown Flagship,North,P001,Classic Sneakers,Footwear,16,79,0,0,34,620
2025-02-15,S001,Downtown Flagship,North,P001,Classic Sneakers,Footwear,21,79,0,0,34,620
2025-02-16,S001,Downtown Flagship,North,P001,Classic Sneakers,Footwear,21,79,0,0,34,620
2025-02-17,S001,Downtown Flagship,North,P001,Classic Sneakers,Footwear,17,79,0,0,34,620
2025-02-18,S001,Downtown Flagship,North,P001,Classic Sneakers,Footwear,11,79,0,0,34,620
2025-02-19,S001,Downtown Flagship,North,P001,Classic Sneakers,Footwear,13,79,0,0,34,620
2025-02-20,S001,Downtown Flagship,North,P001,Classic Sneakers,Footwear,18,79,0,0,34,620
2025-02-21,S001,Downtown Flagship,North,P001,Classic Sneakers,Footwear,11,79,0,0,34,620
2025-02-22,S001,Downtown Flagship,North,P001,Classic Sneakers,Footwear,13,79,0,0,34,620
2025-02-23,S001,Downtown Flagship,North,P001,Classic Sneakers,Footwear,18,79,0,0,34,620
2025-02-24,S001,Downtown Flagship,North,P001,Classic Sneakers,Footwear,11,79,0,0,34,620
2025-02-25,S001,Downtown Flagship,North,P001,Classic Sneakers,Footwear,12,79,0,0,34,620
2025-02-26,S001,Downtown Flagship,North,P001,Classic Sneakers,Footwear,17,79,0,0,34,620
2025-02-27,S001,Downtown Flagship,North,P001,Classic Sneakers,Footwear,17,79,0,0,34,620
2025-02-28,S001,Downtown Flagship,North,P001,Classic Sneakers,Footwear,11,79,0,0,34,620
2025-03-01,S001,Downtown Flagship,North,P001,Classic Sneakers,Footwear,17,79,0,0,34,620
2025-03-02,S001,Downtown Flagship,North,P001,Classic Sneakers,Footwear,24,79,0,0,34,620
2025-03-03,S001,Downtown Flagship,North,P001,Classic Sneakers,Footwear,16,79,0,0,34,620
2025-03-04,S001,Downtown Flagship,North,P001,Classic Sneakers,Footwear,19,67.15,1,15,34,620
2025-03-05,S001,Downtown Flagship,North,P001,Classic Sneakers,Footwear,18,67.15,1,15,34,620
2025-03-06,S001,Downtown Flagship,North,P001,Classic Sneakers,Footwear,27,67.15,1,15,34,620
2025-03-07,S001,Downtown Flagship,North,P001,Classic Sneakers,Footwear,23,67.15,1,15,34,620
2025-03-08,S001,Downtown Flagship,North,P001,Classic Sneakers,Footwear,22,79,0,0,34,620
2025-03-09,S001,Downtown Flagship,North,P001,Classic Sneakers,Footwear,16,79,0,0,34,620
2025-03-10,S001,Downtown Flagship,North,P001,Classic Sneakers,Footwear,15,79,0,0,34,620
2025-03-11,S001,Downtown Flagship,North,P001,Classic Sneakers,Footwear,9,79,0,0,34,620
2025-03-12,S001,Downtown Flagship,North,P001,Classic Sneakers,Footwear,12,79,0,0,34,620
2025-03-13,S001,Downtown Flagship,North,P001,Classic Sneakers,Footwear,18,79,0,0,34,620
2025-03-14,S001,Downtown Flagship,North,P001,Classic Sneakers,Footwear,20,79,0,0,34,620
2025-03-15,S001,Downtown Flagship,North,P001,Classic Sneakers,Footwear,19,79,0,0,34,620
2025-03-16,S001,Downtown Flagship,North,P001,Classic Sneakers,Footwear,16,79,0,0,34,620
2025-03-17,S001,Downtown Flagship,North,P001,Classic Sneakers,Footwear,17,79,0,0,34,620
2025-03-18,S001,Downtown Flagship,North,P001,Classic Sneakers,Footwear,13,79,0,0,34,620
2025-03-19,S001,Downtown Flagship,North,P001,Classic Sneakers,Footwear,13,79,0,0,34,620
2025-03-20,S001,Downtown Flagship,North,P001,Classic Sneakers,Footwear,8,79,0,0,34,620
2025-03-21,S001,Downtown Flagship,North,P001,Classic Sneakers,Footwear,20,79,0,0,34,620
2025-03-22,S001,Downtown Flagship,North,P001,Classic Sneakers,Footwear,16,79,0,0,34,620
2025-03-23,S001,Downtown Flagship,North,P001,Classic Sneakers,Footwear,21,79,0,0,34,620
2025-03-24,S001,Downtown Flagship,North,P001,Classic Sneakers,Footwear,12,79,0,0,34,620
2025-03-25,S001,Downtown Flagship,North,P001,Classic Sneakers,Footwear,12,79,0,0,34,620
2025-03-26,S001,Downtown Flagship,North,P001,Classic Sneakers,Footwear,17,79,0,0,34,620
2025-03-27,S001,Downtown Flagship,North,P001,Classic Sneakers,Footwear,15,79,0,0,34,620
2025-03-28,S001,Downtown Flagship,North,P001,Classic Sneakers,Footwear,14,79,0,0,34,620
2025-03-29,S001,Downtown Flagship,North,P001,Classic Sneakers,Footwear,19,79,0,0,34,620
2025-03-30,S001,Downtown Flagship,North,P001,Classic Sneakers,Footwear,15,79,0,0,34,620
2025-03-31,S001,Downtown Flagship,North,P001,Classic Sneakers,Footwear,10,79,0,0,34,620
2025-04-01,S001,Downtown Flagship,North,P001,Classic Sneakers,Footwear,13,79,0,0,34,620
2025-04-02,S001,Downtown Flagship,North,P001,Classic Sneakers,Footwear,15,79,0,0,34,620
2025-04-03,S001,Downtown Flagship,North,P001,Classic Sneakers,Footwear,15,79,0,0,34,620
2025-04-04,S001,Downtown Flagship,North,P001,Classic Sneakers,Footwear,18,67.15,1,15,34,620
2025-04-05,S001,Downtown Flagship,North,P001,Classic Sneakers,Footwear,26,67.15,1,15,34,620
2025-04-06,S001,Downtown Flagship,North,P001,Classic Sneakers,Footwear,26,67.15,1,15,34,620
2025-04-07,S001,Downtown Flagship,North,P001,Classic Sneakers,Footwear,20,67.15,1,15,34,620
2025-04-08,S001,Downtown Flagship,North,P001,Classic Sneakers,Footwear,14,79,0,0,34,620
2025-04-09,S001,Downtown Flagship,North,P001,Classic Sneakers,Footwear,16,79,0,0,34,620
2025-04-10,S001,Downtown Flagship,North,P001,Classic Sneakers,Footwear,11,79,0,0,34,620
2025-04-11,S001,Downtown Flagship,North,P001,Classic Sneakers,Footwear,16,79,0,0,34,620
2025-04-12,S001,Downtown Flagship,North,P001,Classic Sneakers,Footwear,21,79,0,0,34,620
2025-04-13,S001,Downtown Flagship,North,P001,Classic Sneakers,Footwear,19,79,0,0,34,620
2025-04-14,S001,Downtown Flagship,North,P001,Classic Sneakers,Footwear,18,79,0,0,34,620
2025-04-15,S001,Downtown Flagship,North,P001,Classic Sneakers,Footwear,17,79,0,0,34,620
2025-04-16,S001,Downtown Flagship,North,P001,Classic Sneakers,Footwear,15,79,0,0,34,620
2025-04-17,S001,Downtown Flagship,North,P001,Classic Sneakers,Footwear,16,79,0,0,34,620
2025-04-18,S001,Downtown Flagship,North,P001,Classic Sneakers,Footwear,14,79,0,0,34,620
2025-04-19,S001,Downtown Flagship,North,P001,Classic Sneakers,Footwear,21,79,0,0,34,620
2025-04-20,S001,Downtown Flagship,North,P001,Classic Sneakers,Footwear,16,79,0,0,34,620
2025-04-21,S001,Downtown Flagship,North,P001,Classic Sneakers,Footwear,18,79,0,0,34,620
2025-04-22,S001,Downtown Flagship,North,P001,Classic Sneakers,Footwear,12,79,0,0,34,620
2025-04-23,S001,Downtown Flagship,North,P001,Classic Sneakers,Footwear,16,79,0,0,34,620
2025-04-24,S001,Downtown Flagship,North,P001,Classic Sneakers,Footwear,14,79,0,0,34,620
2025-04-25,S001,Downtown Flagship,North,P001,Classic Sneakers,Footwear,8,79,0,0,34,620
2025-04-26,S001,Downtown Flagship,North,P001,Classic Sneakers,Footwear,23,79,0,0,34,620
2025-04-27,S001,Downtown Flagship,North,P001,Classic Sneakers,Footwear,20,79,0,0,34,620
2025-04-28,S001,Downtown Flagship,North,P001,Classic Sneakers,Footwear,13,79,0,0,34,620
2025-04-29,S001,Downtown Flagship,North,P001,Classic Sneakers,Footwear,14,79,0,0,34,620
2025-04-30,S001,Downtown Flagship,North,P001,Classic Sneakers,Footwear,14,79,0,0,34,620
2025-05-01,S001,Downtown Flagship,North,P001,Classic Sneakers,Footwear,17,79,0,0,34,620
2025-05-02,S001,Downtown Flagship,North,P001,Classic Sneakers,Footwear,21,79,0,0,34,620
2025-05-03,S001,Downtown Flagship,North,P001,Classic Sneakers,Footwear,20,79,0,0,34,620
2025-05-04,S001,Downtown Flagship,North,P001,Classic Sneakers,Footwear,18,79,0,0,34,620
2025-05-05,S001,Downtown Flagship,North,P001,Classic Sneakers,Footwear,20,67.15,1,15,34,620
2025-05-06,S001,Downtown Flagship,North,P001,Classic Sneakers,Footwear,17,67.15,1,15,34,620
2025-05-07,S001,Downtown Flagship,North,P001,Classic Sneakers,Footwear,17,67.15,1,15,34,620
2025-05-08,S001,Downtown Flagship,North,P001,Classic Sneakers,Footwear,18,67.15,1,15,34,620
2025-05-09,S001,Downtown Flagship,North,P001,Classic Sneakers,Footwear,17,79,0,0,34,620
2025-05-10,S001,Downtown Flagship,North,P001,Classic Sneakers,Footwear,21,79,0,0,34,620
2025-05-11,S001,Downtown Flagship,North,P001,Classic Sneakers,Footwear,14,79,0,0,34,620
2025-05-12,S001,Downtown Flagship,North,P001,Classic Sneakers,Footwear,10,79,0,0,34,620
2025-05-13,S001,Downtown Flagship,North,P001,Classic Sneakers,Footwear,15,79,0,0,34,620
2025-05-14,S001,Downtown Flagship,North,P001,Classic Sneakers,Footwear,13,79,0,0,34,620
2025-05-15,S001,Downtown Flagship,North,P001,Classic Sneakers,Footwear,15,79,0,0,34,620
2025-05-16,S001,Downtown Flagship,North,P001,Classic Sneakers,Footwear,9,79,0,0,34,620
2025-05-17,S001,Downtown Flagship,North,P001,Classic Sneakers,Footwear,17,79,0,0,34,620
2025-05-18,S001,Downtown Flagship,North,P001,Classic Sneakers,Footwear,14,79,0,0,34,620
2025-05-19,S001,Downtown Flagship,North,P001,Classic Sneakers,Footwear,14,79,0,0,34,620
2025-05-20,S001,Downtown Flagship,North,P001,Classic Sneakers,Footwear,8,79,0,0,34,620
2025-05-21,S001,Downtown Flagship,North,P001,Classic Sneakers,Footwear,9,79,0,0,34,620
2025-05-22,S001,Downtown Flagship,North,P001,Classic Sneakers,Footwear,15,79,0,0,34,620
2025-05-23,S001,Downtown Flagship,North,P001,Classic Sneakers,Footwear,18,79,0,0,34,620
2025-05-24,S001,Downtown Flagship,North,P001,Classic Sneakers,Footwear,21,79,0,0,34,620
2025-05-25,S001,Downtown Flagship,North,P001,Classic Sneakers,Footwear,15,79,0,0,34,620
2025-05-26,S001,Downtown Flagship,North,P001,Classic Sneakers,Footwear,16,79,0,0,34,620
2025-05-27,S001,Downtown Flagship,North,P001,Classic Sneakers,Footwear,11,79,0,0,34,620
2025-05-28,S001,Downtown Flagship,North,P001,Classic Sneakers,Footwear,14,79,0,0,34,620
2025-05-29,S001,Downtown Flagship,North,P001,Classic Sneakers,Footwear,13,79,0,0,34,620
2025-05-30,S001,Downtown Flagship,North,P001,Classic Sneakers,Footwear,11,79,0,0,34,620
2025-05-31,S001,Downtown Flagship,North,P001,Classic Sneakers,Footwear,13,79,0,0,34,620
2025-06-01,S001,Downtown Flagship,North,P001,Classic Sneakers,Footwear,19,79,0,0,34,620
2025-06-02,S001,Downtown Flagship,North,P001,Classic Sneakers,Footwear,15,79,0,0,34,620
2025-06-03,S001,Downtown Flagship,North,P001,Classic Sneakers,Footwear,17,79,0,0,34,620
2025-06-04,S001,Downtown Flagship,North,P001,Classic Sneakers,Footwear,15,79,0,0,34,620
2025-06-05,S001,Downtown Flagship,North,P001,Classic Sneakers,Footwear,21,67.15,1,15,34,620
2025-06-06,S001,Downtown Flagship,North,P001,Classic Sneakers,Footwear,18,67.15,1,15,34,620
2025-06-07,S001,Downtown Flagship,North,P001,Classic Sneakers,Footwear,23,67.15,1,15,34,620
2025-06-08,S001,Downtown Flagship,North,P001,Classic Sneakers,Footwear,20,67.15,1,15,34,620
2025-06-09,S001,Downtown Flagship,North,P001,Classic Sneakers,Footwear,17,79,0,0,34,620
2025-06-10,S001,Downtown Flagship,North,P001,Classic Sneakers,Footwear,14,79,0,0,34,620
2025-06-11,S001,Downtown Flagship,North,P001,Classic Sneakers,Footwear,16,79,0,0,34,620
2025-06-12,S001,Downtown Flagship,North,P001,Classic Sneakers,Footwear,11,79,0,0,34,620
2025-06-13,S001,Downtown Flagship,North,P001,Classic Sneakers,Footwear,14,79,0,0,34,620
2025-06-14,S001,Downtown Flagship,North,P001,Classic Sneakers,Footwear,16,79,0,0,34,620
2025-06-15,S001,Downtown Flagship,North,P001,Classic Sneakers,Footwear,17,79,0,0,34,620
2025-06-16,S001,Downtown Flagship,North,P001,Classic Sneakers,Footwear,11,79,0,0,34,620
2025-06-17,S001,Downtown Flagship,North,P001,Classic Sneakers,Footwear,19,79,0,0,34,620
2025-06-18,S001,Downtown Flagship,North,P001,Classic Sneakers,Footwear,11,79,0,0,34,620
2025-06-19,S001,Downtown Flagship,North,P001,Classic Sneakers,Footwear,11,79,0,0,34,620
2025-06-20,S001,Downtown Flagship,North,P001,Classic Sneakers,Footwear,8,79,0,0,34,620
2025-06-21,S001,Downtown Flagship,North,P001,Classic Sneakers,Footwear,17,79,0,0,34,620
2025-06-22,S001,Downtown Flagship,North,P001,Classic Sneakers,Footwear,14,79,0,0,34,620
2025-06-23,S001,Downtown Flagship,North,P001,Classic Sneakers,Footwear,13,79,0,0,34,620
2025-06-24,S001,Downtown Flagship,North,P001,Classic Sneakers,Footwear,11,79,0,0,34,620
2025-06-25,S001,Downtown Flagship,North,P001,Classic Sneakers,Footwear,8,79,0,0,34,620
2025-06-26,S001,Downtown Flagship,North,P001,Classic Sneakers,Footwear,16,79,0,0,34,620
2025-06-27,S001,Downtown Flagship,North,P001,Classic Sneakers,Footwear,11,79,0,0,34,620
2025-06-28,S001,Downtown Flagship,North,P001,Classic Sneakers,Footwear,16,79,0,0,34,620
2025-06-29,S001,Downtown Flagship,North,P001,Classic Sneakers,Footwear,15,79,0,0,34,620
2025-06-30,S001,Downtown Flagship,North,P001,Classic Sneakers,Footwear,15,79,0,0,34,620
2025-07-01,S001,Downtown Flagship,North,P001,Classic Sneakers,Footwear,19,79,0,0,34,620
2025-07-02,S001,Downtown Flagship,North,P001,Classic Sneakers,Footwear,7,79,0,0,34,620
2025-07-03,S001,Downtown Flagship,North,P001,Classic Sneakers,Footwear,9,79,0,0,34,620
2025-07-04,S001,Downtown Flagship,North,P001,Classic Sneakers,Footwear,10,79,0,0,34,620
2025-07-05,S001,Downtown Flagship,North,P001,Classic Sneakers,Footwear,15,79,0,0,34,620
2025-07-06,S001,Downtown Flagship,North,P001,Classic Sneakers,Footwear,25,67.15,1,15,34,620
2025-07-07,S001,Downtown Flagship,North,P001,Classic Sneakers,Footwear,16,67.15,1,15,34,620
2025-07-08,S001,Downtown Flagship,North,P001,Classic Sneakers,Footwear,15,67.15,1,15,34,620
2025-07-09,S001,Downtown Flagship,North,P001,Classic Sneakers,Footwear,19,67.15,1,15,34,620
2025-07-10,S001,Downtown Flagship,North,P001,Classic Sneakers,Footwear,12,79,0,0,34,620
2025-07-11,S001,Downtown Flagship,North,P001,Classic Sneakers,Footwear,11,79,0,0,34,620
2025-07-12,S001,Downtown Flagship,North,P001,Classic Sneakers,Footwear,15,79,0,0,34,620
2025-07-13,S001,Downtown Flagship,North,P001,Classic Sneakers,Footwear,10,79,0,0,34,620
2025-07-14,S001,Downtown Flagship,North,P001,Classic Sneakers,Footwear,15,79,0,0,34,620
2025-07-15,S001,Downtown Flagship,North,P001,Classic Sneakers,Footwear,9,79,0,0,34,620
2025-07-16,S001,Downtown Flagship,North,P001,Classic Sneakers,Footwear,8,79,0,0,34,620
2025-07-17,S001,Downtown Flagship,North,P001,Classic Sneakers,Footwear,14,79,0,0,34,620
2025-07-18,S001,Downtown Flagship,North,P001,Classic Sneakers,Footwear,10,79,0,0,34,620
2025-07-19,S001,Downtown Flagship,North,P001,Classic Sneakers,Footwear,13,79,0,0,34,620
2025-07-20,S001,Downtown Flagship,North,P001,Classic Sneakers,Footwear,16,79,0,0,34,620
