sample_data/sample_sales.csv
date,store_id,store_name,region,product_id,product_name,category,sales,price,promotion,discount_pct,unit_cost,current_stock
2025-07-21,S001,Downtown Flagship,North,P001,Classic Sneakers,Footwear,13,79,0,0,34,620
2025-07-22,S001,Downtown Flagship,North,P001,Classic Sneakers,Footwear,14,79,0,0,34,620
2025-07-23,S001,Downtown Flagship,North,P001,Classic Sneakers,Footwear,12,79,0,0,34,620
2025-07-24,S001,Downtown Flagship,North,P001,Classic Sneakers,Footwear,15,79,0,0,34,620
2025-07-25,S001,Downtown Flagship,North,P001,Classic Sneakers,Footwear,8,79,0,0,34,620
2025-07-26,S001,Downtown Flagship,North,P001,Classic Sneakers,Footwear,13,79,0,0,34,620
2025-07-27,S001,Downtown Flagship,North,P001,Classic Sneakers,Footwear,13,79,0,0,34,620
2025-07-28,S001,Downtown Flagship,North,P001,Classic Sneakers,Footwear,12,79,0,0,34,620
2025-07-29,S001,Downtown Flagship,North,P001,Classic Sneakers,Footwear,12,79,0,0,34,620
2025-07-30,S001,Downtown Flagship,North,P001,Classic Sneakers,Footwear,7,79,0,0,34,620
2025-07-31,S001,Downtown Flagship,North,P001,Classic Sneakers,Footwear,8,79,0,0,34,620
2025-08-01,S001,Downtown Flagship,North,P001,Classic Sneakers,Footwear,13,79,0,0,34,620
2025-08-02,S001,Downtown Flagship,North,P001,Classic Sneakers,Footwear,15,79,0,0,34,620
2025-08-03,S001,Downtown Flagship,North,P001,Classic Sneakers,Footwear,18,79,0,0,34,620
2025-08-04,S001,Downtown Flagship,North,P001,Classic Sneakers,Footwear,14,79,0,0,34,620
2025-08-05,S001,Downtown Flagship,North,P001,Classic Sneakers,Footwear,12,79,0,0,34,620
2025-08-06,S001,Downtown Flagship,North,P001,Classic Sneakers,Footwear,15,67.15,1,15,34,620
2025-08-07,S001,Downtown Flagship,North,P001,Classic Sneakers,Footwear,15,67.15,1,15,34,620
2025-08-08,S001,Downtown Flagship,North,P001,Classic Sneakers,Footwear,17,67.15,1,15,34,620
2025-08-09,S001,Downtown Flagship,North,P001,Classic Sneakers,Footwear,20,67.15,1,15,34,620
2025-08-10,S001,Downtown Flagship,North,P001,Classic Sneakers,Footwear,12,79,0,0,34,620
2025-08-11,S001,Downtown Flagship,North,P001,Classic Sneakers,Footwear,11,79,0,0,34,620
2025-08-12,S001,Downtown Flagship,North,P001,Classic Sneakers,Footwear,14,79,0,0,34,620
2025-08-13,S001,Downtown Flagship,North,P001,Classic Sneakers,Footwear,11,79,0,0,34,620
2025-08-14,S001,Downtown Flagship,North,P001,Classic Sneakers,Footwear,13,79,0,0,34,620
2025-08-15,S001,Downtown Flagship,North,P001,Classic Sneakers,Footwear,13,79,0,0,34,620
2025-08-16,S001,Downtown Flagship,North,P001,Classic Sneakers,Footwear,14,79,0,0,34,620
2025-08-17,S001,Downtown Flagship,North,P001,Classic Sneakers,Footwear,14,79,0,0,34,620
2025-08-18,S001,Downtown Flagship,North,P001,Classic Sneakers,Footwear,13,79,0,0,34,620
2025-08-19,S001,Downtown Flagship,North,P001,Classic Sneakers,Footwear,8,79,0,0,34,620
2025-08-20,S001,Downtown Flagship,North,P001,Classic Sneakers,Footwear,11,79,0,0,34,620
2025-08-21,S001,Downtown Flagship,North,P001,Classic Sneakers,Footwear,11,79,0,0,34,620
2025-08-22,S001,Downtown Flagship,North,P001,Classic Sneakers,Footwear,7,79,0,0,34,620
2025-08-23,S001,Downtown Flagship,North,P001,Classic Sneakers,Footwear,14,79,0,0,34,620
2025-08-24,S001,Downtown Flagship,North,P001,Classic Sneakers,Footwear,12,79,0,0,34,620
2025-08-25,S001,Downtown Flagship,North,P001,Classic Sneakers,Footwear,7,79,0,0,34,620
2025-08-26,S001,Downtown Flagship,North,P001,Classic Sneakers,Footwear,13,79,0,0,34,620
2025-08-27,S001,Downtown Flagship,North,P001,Classic Sneakers,Footwear,10,79,0,0,34,620
2025-08-28,S001,Downtown Flagship,North,P001,Classic Sneakers,Footwear,6,79,0,0,34,620
2025-08-29,S001,Downtown Flagship,North,P001,Classic Sneakers,Footwear,11,79,0,0,34,620
2025-08-30,S001,Downtown Flagship,North,P001,Classic Sneakers,Footwear,11,79,0,0,34,620
2025-08-31,S001,Downtown Flagship,North,P001,Classic Sneakers,Footwear,14,79,0,0,34,620
2025-09-01,S001,Downtown Flagship,North,P001,Classic Sneakers,Footwear,12,79,0,0,34,620
2025-09-02,S001,Downtown Flagship,North,P001,Classic Sneakers,Footwear,8,79,0,0,34,620
2025-09-03,S001,Downtown Flagship,North,P001,Classic Sneakers,Footwear,12,79,0,0,34,620
2025-09-04,S001,Downtown Flagship,North,P001,Classic Sneakers,Footwear,7,79,0,0,34,620
2025-09-05,S001,Downtown Flagship,North,P001,Classic Sneakers,Footwear,2,79,0,0,34,620
2025-09-06,S001,Downtown Flagship,North,P001,Classic Sneakers,Footwear,18,67.15,1,15,34,620
2025-09-07,S001,Downtown Flagship,North,P001,Classic Sneakers,Footwear,17,67.15,1,15,34,620
2025-09-08,S001,Downtown Flagship,North,P001,Classic Sneakers,Footwear,17,67.15,1,15,34,620
2025-09-09,S001,Downtown Flagship,North,P001,Classic Sneakers,Footwear,13,67.15,1,15,34,620
2025-09-10,S001,Downtown Flagship,North,P001,Classic Sneakers,Footwear,11,79,0,0,34,620
2025-09-11,S001,Downtown Flagship,North,P001,Classic Sneakers,Footwear,11,79,0,0,34,620
2025-09-12,S001,Downtown Flagship,North,P001,Classic Sneakers,Footwear,8,79,0,0,34,620
2025-09-13,S001,Downtown Flagship,North,P001,Classic Sneakers,Footwear,12,79,0,0,34,620
2025-09-14,S001,Downtown Flagship,North,P001,Classic Sneakers,Footwear,13,79,0,0,34,620
2025-09-15,S001,Downtown Flagship,North,P001,Classic Sneakers,Footwear,11,79,0,0,34,620
2025-09-16,S001,Downtown Flagship,North,P001,Classic Sneakers,Footwear,1,79,0,0,34,620
2025-09-17,S001,Downtown Flagship,North,P001,Classic Sneakers,Footwear,4,79,0,0,34,620
2025-09-18,S001,Downtown Flagship,North,P001,Classic Sneakers,Footwear,8,79,0,0,34,620
2025-09-19,S001,Downtown Flagship,North,P001,Classic Sneakers,Footwear,6,79,0,0,34,620
2025-09-20,S001,Downtown Flagship,North,P001,Classic Sneakers,Footwear,11,79,0,0,34,620
2025-09-21,S001,Downtown Flagship,North,P001,Classic Sneakers,Footwear,13,79,0,0,34,620
2025-09-22,S001,Downtown Flagship,North,P001,Classic Sneakers,Footwear,13,79,0,0,34,620
2025-09-23,S001,Downtown Flagship,North,P001,Classic Sneakers,Footwear,5,79,0,0,34,620
2025-09-24,S001,Downtown Flagship,North,P001,Classic Sneakers,Footwear,9,79,0,0,34,620
2025-09-25,S001,Downtown Flagship,North,P001,Classic Sneakers,Footwear,15,79,0,0,34,620
2025-09-26,S001,Downtown Flagship,North,P001,Classic Sneakers,Footwear,7,79,0,0,34,620
2025-09-27,S001,Downtown Flagship,North,P001,Classic Sneakers,Footwear,13,79,0,0,34,620
2025-09-28,S001,Downtown Flagship,North,P001,Classic Sneakers,Footwear,14,79,0,0,34,620
2025-09-29,S001,Downtown Flagship,North,P001,Classic Sneakers,Footwear,12,79,0,0,34,620
2025-09-30,S001,Downtown Flagship,North,P001,Classic Sneakers,Footwear,13,79,0,0,34,620
2025-10-01,S001,Downtown Flagship,North,P001,Classic Sneakers,Footwear,11,79,0,0,34,620
2025-10-02,S001,Downtown Flagship,North,P001,Classic Sneakers,Footwear,3,79,0,0,34,620
2025-10-03,S001,Downtown Flagship,North,P001,Classic Sneakers,Footwear,11,79,0,0,34,620
2025-10-04,S001,Downtown Flagship,North,P001,Classic Sneakers,Footwear,12,79,0,0,34,620
2025-10-05,S001,Downtown Flagship,North,P001,Classic Sneakers,Footwear,15,79,0,0,34,620
2025-10-06,S001,Downtown Flagship,North,P001,Classic Sneakers,Footwear,8,79,0,0,34,620
2025-10-07,S001,Downtown Flagship,North,P001,Classic Sneakers,Footwear,21,67.15,1,15,34,620
2025-10-08,S001,Downtown Flagship,North,P001,Classic Sneakers,Footwear,13,67.15,1,15,34,620
2025-10-09,S001,Downtown Flagship,North,P001,Classic Sneakers,Footwear,13,67.15,1,15,34,620
2025-10-10,S001,Downtown Flagship,North,P001,Classic Sneakers,Footwear,12,67.15,1,15,34,620
2025-10-11,S001,Downtown Flagship,North,P001,Classic Sneakers,Footwear,11,79,0,0,34,620
2025-10-12,S001,Downtown Flagship,North,P001,Classic Sneakers,Footwear,17,79,0,0,34,620
2025-10-13,S001,Downtown Flagship,North,P001,Classic Sneakers,Footwear,8,79,0,0,34,620
2025-10-14,S001,Downtown Flagship,North,P001,Classic Sneakers,Footwear,8,79,0,0,34,620
2025-10-15,S001,Downtown Flagship,North,P001,Classic Sneakers,Footwear,5,79,0,0,34,620
2025-10-16,S001,Downtown Flagship,North,P001,Classic Sneakers,Footwear,11,79,0,0,34,620
2025-10-17,S001,Downtown Flagship,North,P001,Classic Sneakers,Footwear,9,79,0,0,34,620
2025-10-18,S001,Downtown Flagship,North,P001,Classic Sneakers,Footwear,7,79,0,0,34,620
2025-10-19,S001,Downtown Flagship,North,P001,Classic Sneakers,Footwear,11,79,0,0,34,620
2025-10-20,S001,Downtown Flagship,North,P001,Classic Sneakers,Footwear,8,79,0,0,34,620
2025-10-21,S001,Downtown Flagship,North,P001,Classic Sneakers,Footwear,9,79,0,0,34,620
2025-10-22,S001,Downtown Flagship,North,P001,Classic Sneakers,Footwear,10,79,0,0,34,620
2025-10-23,S001,Downtown Flagship,North,P001,Classic Sneakers,Footwear,12,79,0,0,34,620
2025-10-24,S001,Downtown Flagship,North,P001,Classic Sneakers,Footwear,12,79,0,0,34,620
2025-10-25,S001,Downtown Flagship,North,P001,Classic Sneakers,Footwear,8,79,0,0,34,620
2025-10-26,S001,Downtown Flagship,North,P001,Classic Sneakers,Footwear,8,79,0,0,34,620
2025-10-27,S001,Downtown Flagship,North,P001,Classic Sneakers,Footwear,17,79,0,0,34,620
2025-10-28,S001,Downtown Flagship,North,P001,Classic Sneakers,Footwear,8,79,0,0,34,620
2025-10-29,S001,Downtown Flagship,North,P001,Classic Sneakers,Footwear,12,79,0,0,34,620
2025-10-30,S001,Downtown Flagship,North,P001,Classic Sneakers,Footwear,11,79,0,0,34,620
2025-10-31,S001,Downtown Flagship,North,P001,Classic Sneakers,Footwear,15,79,0,0,34,620
2025-11-01,S001,Downtown Flagship,North,P001,Classic Sneakers,Footwear,9,79,0,0,34,620
2025-11-02,S001,Downtown Flagship,North,P001,Classic Sneakers,Footwear,15,79,0,0,34,620
2025-11-03,S001,Downtown Flagship,North,P001,Classic Sneakers,Footwear,10,79,0,0,34,620
2025-11-04,S001,Downtown Flagship,North,P001,Classic Sneakers,Footwear,11,79,0,0,34,620
2025-11-05,S001,Downtown Flagship,North,P001,Classic Sneakers,Footwear,10,79,0,0,34,620
2025-11-06,S001,Downtown Flagship,North,P001,Classic Sneakers,Footwear,1,79,0,0,34,620
2025-11-07,S001,Downtown Flagship,North,P001,Classic Sneakers,Footwear,11,67.15,1,15,34,620
2025-11-08,S001,Downtown Flagship,North,P001,Classic Sneakers,Footwear,19,67.15,1,15,34,620
2025-11-09,S001,Downtown Flagship,North,P001,Classic Sneakers,Footwear,17,67.15,1,15,34,620
2025-11-10,S001,Downtown Flagship,North,P001,Classic Sneakers,Footwear,15,67.15,1,15,34,620
2025-11-11,S001,Downtown Flagship,North,P001,Classic Sneakers,Footwear,6,79,0,0,34,620
2025-11-12,S001,Downtown Flagship,North,P001,Classic Sneakers,Footwear,10,79,0,0,34,620
2025-11-13,S001,Downtown Flagship,North,P001,Classic Sneakers,Footwear,7,79,0,0,34,620
2025-11-14,S001,Downtown Flagship,North,P001,Classic Sneakers,Footwear,12,79,0,0,34,620
2025-11-15,S001,Downtown Flagship,North,P001,Classic Sneakers,Footwear,15,79,0,0,34,620
2025-11-16,S001,Downtown Flagship,North,P001,Classic Sneakers,Footwear,10,79,0,0,34,620
2025-11-17,S001,Downtown Flagship,North,P001,Classic Sneakers,Footwear,8,79,0,0,34,620
2025-11-18,S001,Downtown Flagship,North,P001,Classic Sneakers,Footwear,13,79,0,0,34,620
2025-11-19,S001,Downtown Flagship,North,P001,Classic Sneakers,Footwear,11,79,0,0,34,620
2025-11-20,S001,Downtown Flagship,North,P001,Classic Sneakers,Footwear,14,79,0,0,34,620
2025-11-21,S001,Downtown Flagship,North,P001,Classic Sneakers,Footwear,7,79,0,0,34,620
2025-11-22,S001,Downtown Flagship,North,P001,Classic Sneakers,Footwear,10,79,0,0,34,620
2025-11-23,S001,Downtown Flagship,North,P001,Classic Sneakers,Footwear,21,79,0,0,34,620
2025-11-24,S001,Downtown Flagship,North,P001,Classic Sneakers,Footwear,7,79,0,0,34,620
2025-11-25,S001,Downtown Flagship,North,P001,Classic Sneakers,Footwear,12,79,0,0,34,620
2025-11-26,S001,Downtown Flagship,North,P001,Classic Sneakers,Footwear,7,79,0,0,34,620
2025-11-27,S001,Downtown Flagship,North,P001,Classic Sneakers,Footwear,13,79,0,0,34,620
2025-11-28,S001,Downtown Flagship,North,P001,Classic Sneakers,Footwear,17,79,0,0,34,620
2025-11-29,S001,Downtown Flagship,North,P001,Classic Sneakers,Footwear,9,79,0,0,34,620
2025-11-30,S001,Downtown Flagship,North,P001,Classic Sneakers,Footwear,13,79,0,0,34,620
2025-12-01,S001,Downtown Flagship,North,P001,Classic Sneakers,Footwear,8,79,0,0,34,620
2025-12-02,S001,Downtown Flagship,North,P001,Classic Sneakers,Footwear,12,79,0,0,34,620
2025-12-03,S001,Downtown Flagship,North,P001,Classic Sneakers,Footwear,11,79,0,0,34,620
2025-12-04,S001,Downtown Flagship,North,P001,Classic Sneakers,Footwear,10,79,0,0,34,620
2025-12-05,S001,Downtown Flagship,North,P001,Classic Sneakers,Footwear,10,79,0,0,34,620
2025-12-06,S001,Downtown Flagship,North,P001,Classic Sneakers,Footwear,13,79,0,0,34,620
2025-12-07,S001,Downtown Flagship,North,P001,Classic Sneakers,Footwear,7,79,0,0,34,620
2025-12-08,S001,Downtown Flagship,North,P001,Classic Sneakers,Footwear,17,67.15,1,15,34,620
2025-12-09,S001,Downtown Flagship,North,P001,Classic Sneakers,Footwear,16,67.15,1,15,34,620
2025-12-10,S001,Downtown Flagship,North,P001,Classic Sneakers,Footwear,18,67.15,1,15,34,620
2025-12-11,S001,Downtown Flagship,North,P001,Classic Sneakers,Footwear,19,67.15,1,15,34,620
2025-12-12,S001,Downtown Flagship,North,P001,Classic Sneakers,Footwear,7,79,0,0,34,620
2025-12-13,S001,Downtown Flagship,North,P001,Classic Sneakers,Footwear,20,79,0,0,34,620
2025-12-14,S001,Downtown Flagship,North,P001,Classic Sneakers,Footwear,18,79,0,0,34,620
2025-12-15,S001,Downtown Flagship,North,P001,Classic Sneakers,Footwear,17,79,0,0,34,620
2025-12-16,S001,Downtown Flagship,North,P001,Classic Sneakers,Footwear,16,79,0,0,34,620
2025-12-17,S001,Downtown Flagship,North,P001,Classic Sneakers,Footwear,8,79,0,0,34,620
2025-12-18,S001,Downtown Flagship,North,P001,Classic Sneakers,Footwear,10,79,0,0,34,620
2025-12-19,S001,Downtown Flagship,North,P001,Classic Sneakers,Footwear,11,79,0,0,34,620
2025-12-20,S001,Downtown Flagship,North,P001,Classic Sneakers,Footwear,18,79,0,0,34,620
2025-12-21,S001,Downtown Flagship,North,P001,Classic Sneakers,Footwear,11,79,0,0,34,620
2025-12-22,S001,Downtown Flagship,North,P001,Classic Sneakers,Footwear,13,79,0,0,34,620
2025-12-23,S001,Downtown Flagship,North,P001,Classic Sneakers,Footwear,11,79,0,0,34,620
2025-12-24,S001,Downtown Flagship,North,P001,Classic Sneakers,Footwear,13,79,0,0,34,620
2025-12-25,S001,Downtown Flagship,North,P001,Classic Sneakers,Footwear,15,79,0,0,34,620
2025-12-26,S001,Downtown Flagship,North,P001,Classic Sneakers,Footwear,14,79,0,0,34,620
2025-12-27,S001,Downtown Flagship,North,P001,Classic Sneakers,Footwear,14,79,0,0,34,620
2025-12-28,S001,Downtown Flagship,North,P001,Classic Sneakers,Footwear,7,79,0,0,34,620
2025-12-29,S001,Downtown Flagship,North,P001,Classic Sneakers,Footwear,7,79,0,0,34,620
2025-12-30,S001,Downtown Flagship,North,P001,Classic Sneakers,Footwear,18,79,0,0,34,620
2025-12-31,S001,Downtown Flagship,North,P001,Classic Sneakers,Footwear,14,79,0,0,34,620
2025-01-01,S001,Downtown Flagship,North,P002,Everyday Hoodie,Apparel,23,50.15,1,15,22,480
2025-01-02,S001,Downtown Flagship,North,P002,Everyday Hoodie,Apparel,24,50.15,1,15,22,480
2025-01-03,S001,Downtown Flagship,North,P002,Everyday Hoodie,Apparel,23,50.15,1,15,22,480
2025-01-04,S001,Downtown Flagship,North,P002,Everyday Hoodie,Apparel,26,50.15,1,15,22,480
2025-01-05,S001,Downtown Flagship,North,P002,Everyday Hoodie,Apparel,18,59,0,0,22,480
2025-01-06,S001,Downtown Flagship,North,P002,Everyday Hoodie,Apparel,16,59,0,0,22,480
2025-01-07,S001,Downtown Flagship,North,P002,Everyday Hoodie,Apparel,15,59,0,0,22,480
2025-01-08,S001,Downtown Flagship,North,P002,Everyday Hoodie,Apparel,18,59,0,0,22,480
2025-01-09,S001,Downtown Flagship,North,P002,Everyday Hoodie,Apparel,16,59,0,0,22,480
2025-01-10,S001,Downtown Flagship,North,P002,Everyday Hoodie,Apparel,19,59,0,0,22,480
2025-01-11,S001,Downtown Flagship,North,P002,Everyday Hoodie,Apparel,17,59,0,0,22,480
2025-01-12,S001,Downtown Flagship,North,P002,Everyday Hoodie,Apparel,16,59,0,0,22,480
2025-01-13,S001,Downtown Flagship,North,P002,Everyday Hoodie,Apparel,18,59,0,0,22,480
2025-01-14,S001,Downtown Flagship,North,P002,Everyday Hoodie,Apparel,20,59,0,0,22,480
2025-01-15,S001,Downtown Flagship,North,P002,Everyday Hoodie,Apparel,18,59,0,0,22,480
2025-01-16,S001,Downtown Flagship,North,P002,Everyday Hoodie,Apparel,12,59,0,0,22,480
2025-01-17,S001,Downtown Flagship,North,P002,Everyday Hoodie,Apparel,24,59,0,0,22,480
2025-01-18,S001,Downtown Flagship,North,P002,Everyday Hoodie,Apparel,21,59,0,0,22,480
2025-01-19,S001,Downtown Flagship,North,P002,Everyday Hoodie,Apparel,20,59,0,0,22,480
2025-01-20,S001,Downtown Flagship,North,P002,Everyday Hoodie,Apparel,24,59,0,0,22,480
2025-01-21,S001,Downtown Flagship,North,P002,Everyday Hoodie,Apparel,19,59,0,0,22,480
2025-01-22,S001,Downtown Flagship,North,P002,Everyday Hoodie,Apparel,19,59,0,0,22,480
2025-01-23,S001,Downtown Flagship,North,P002,Everyday Hoodie,Apparel,13,59,0,0,22,480
2025-01-24,S001,Downtown Flagship,North,P002,Everyday Hoodie,Apparel,20,59,0,0,22,480
2025-01-25,S001,Downtown Flagship,North,P002,Everyday Hoodie,Apparel,23,59,0,0,22,480
2025-01-26,S001,Downtown Flagship,North,P002,Everyday Hoodie,Apparel,20,59,0,0,22,480
2025-01-27,S001,Downtown Flagship,North,P002,Everyday Hoodie,Apparel,19,59,0,0,22,480
2025-01-28,S001,Downtown Flagship,North,P002,Everyday Hoodie,Apparel,18,59,0,0,22,480
2025-01-29,S001,Downtown Flagship,North,P002,Everyday Hoodie,Apparel,23,59,0,0,22,480
2025-01-30,S001,Downtown Flagship,North,P002,Everyday Hoodie,Apparel,15,59,0,0,22,480
2025-01-31,S001,Downtown Flagship,North,P002,Everyday Hoodie,Apparel,15,59,0,0,22,480
2025-02-01,S001,Downtown Flagship,North,P002,Everyday Hoodie,Apparel,18,59,0,0,22,480
2025-02-02,S001,Downtown Flagship,North,P002,Everyday Hoodie,Apparel,24,59,0,0,22,480
2025-02-03,S001,Downtown Flagship,North,P002,Everyday Hoodie,Apparel,20,59,0,0,22,480
2025-02-04,S001,Downtown Flagship,North,P002,Everyday Hoodie,Apparel,24,50.15,1,15,22,480
2025-02-05,S001,Downtown Flagship,North,P002,Everyday Hoodie,Apparel,28,50.15,1,15,22,480
2025-02-06,S001,Downtown Flagship,North,P002,Everyday Hoodie,Apparel,33,50.15,1,15,22,480
2025-02-07,S001,Downtown Flagship,North,P002,Everyday Hoodie,Apparel,24,50.15,1,15,22,480
