sample_data/sample_sales.csv
date,store_id,store_name,region,product_id,product_name,category,sales,price,promotion,discount_pct,unit_cost,current_stock
2025-03-24,S001,Downtown Flagship,North,P003,Urban Backpack,Accessories,27,49,0,0,18,350
2025-03-25,S001,Downtown Flagship,North,P003,Urban Backpack,Accessories,30,49,0,0,18,350
2025-03-26,S001,Downtown Flagship,North,P003,Urban Backpack,Accessories,22,49,0,0,18,350
2025-03-27,S001,Downtown Flagship,North,P003,Urban Backpack,Accessories,26,49,0,0,18,350
2025-03-28,S001,Downtown Flagship,North,P003,Urban Backpack,Accessories,30,49,0,0,18,350
2025-03-29,S001,Downtown Flagship,North,P003,Urban Backpack,Accessories,33,49,0,0,18,350
2025-03-30,S001,Downtown Flagship,North,P003,Urban Backpack,Accessories,29,49,0,0,18,350
2025-03-31,S001,Downtown Flagship,North,P003,Urban Backpack,Accessories,21,49,0,0,18,350
2025-04-01,S001,Downtown Flagship,North,P003,Urban Backpack,Accessories,23,49,0,0,18,350
2025-04-02,S001,Downtown Flagship,North,P003,Urban Backpack,Accessories,28,49,0,0,18,350
2025-04-03,S001,Downtown Flagship,North,P003,Urban Backpack,Accessories,23,49,0,0,18,350
2025-04-04,S001,Downtown Flagship,North,P003,Urban Backpack,Accessories,20,49,0,0,18,350
2025-04-05,S001,Downtown Flagship,North,P003,Urban Backpack,Accessories,30,49,0,0,18,350
2025-04-06,S001,Downtown Flagship,North,P003,Urban Backpack,Accessories,28,49,0,0,18,350
2025-04-07,S001,Downtown Flagship,North,P003,Urban Backpack,Accessories,23,49,0,0,18,350
2025-04-08,S001,Downtown Flagship,North,P003,Urban Backpack,Accessories,21,49,0,0,18,350
2025-04-09,S001,Downtown Flagship,North,P003,Urban Backpack,Accessories,23,49,0,0,18,350
2025-04-10,S001,Downtown Flagship,North,P003,Urban Backpack,Accessories,24,49,0,0,18,350
2025-04-11,S001,Downtown Flagship,North,P003,Urban Backpack,Accessories,21,49,0,0,18,350
2025-04-12,S001,Downtown Flagship,North,P003,Urban Backpack,Accessories,30,49,0,0,18,350
2025-04-13,S001,Downtown Flagship,North,P003,Urban Backpack,Accessories,31,49,0,0,18,350
2025-04-14,S001,Downtown Flagship,North,P003,Urban Backpack,Accessories,24,49,0,0,18,350
2025-04-15,S001,Downtown Flagship,North,P003,Urban Backpack,Accessories,21,49,0,0,18,350
2025-04-16,S001,Downtown Flagship,North,P003,Urban Backpack,Accessories,29,49,0,0,18,350
2025-04-17,S001,Downtown Flagship,North,P003,Urban Backpack,Accessories,24,49,0,0,18,350
2025-04-18,S001,Downtown Flagship,North,P003,Urban Backpack,Accessories,29,49,0,0,18,350
2025-04-19,S001,Downtown Flagship,North,P003,Urban Backpack,Accessories,26,49,0,0,18,350
2025-04-20,S001,Downtown Flagship,North,P003,Urban Backpack,Accessories,31,49,0,0,18,350
2025-04-21,S001,Downtown Flagship,North,P003,Urban Backpack,Accessories,27,49,0,0,18,350
2025-04-22,S001,Downtown Flagship,North,P003,Urban Backpack,Accessories,34,41.65,1,15,18,350
2025-04-23,S001,Downtown Flagship,North,P003,Urban Backpack,Accessories,43,41.65,1,15,18,350
2025-04-24,S001,Downtown Flagship,North,P003,Urban Backpack,Accessories,38,41.65,1,15,18,350
2025-04-25,S001,Downtown Flagship,North,P003,Urban Backpack,Accessories,35,41.65,1,15,18,350
2025-04-26,S001,Downtown Flagship,North,P003,Urban Backpack,Accessories,27,49,0,0,18,350
2025-04-27,S001,Downtown Flagship,North,P003,Urban Backpack,Accessories,32,49,0,0,18,350
2025-04-28,S001,Downtown Flagship,North,P003,Urban Backpack,Accessories,27,49,0,0,18,350
2025-04-29,S001,Downtown Flagship,North,P003,Urban Backpack,Accessories,25,49,0,0,18,350
2025-04-30,S001,Downtown Flagship,North,P003,Urban Backpack,Accessories,25,49,0,0,18,350
2025-05-01,S001,Downtown Flagship,North,P003,Urban Backpack,Accessories,19,49,0,0,18,350
2025-05-02,S001,Downtown Flagship,North,P003,Urban Backpack,Accessories,15,49,0,0,18,350
2025-05-03,S001,Downtown Flagship,North,P003,Urban Backpack,Accessories,34,49,0,0,18,350
2025-05-04,S001,Downtown Flagship,North,P003,Urban Backpack,Accessories,25,49,0,0,18,350
2025-05-05,S001,Downtown Flagship,North,P003,Urban Backpack,Accessories,26,49,0,0,18,350
2025-05-06,S001,Downtown Flagship,North,P003,Urban Backpack,Accessories,26,49,0,0,18,350
2025-05-07,S001,Downtown Flagship,North,P003,Urban Backpack,Accessories,20,49,0,0,18,350
2025-05-08,S001,Downtown Flagship,North,P003,Urban Backpack,Accessories,23,49,0,0,18,350
2025-05-09,S001,Downtown Flagship,North,P003,Urban Backpack,Accessories,27,49,0,0,18,350
2025-05-10,S001,Downtown Flagship,North,P003,Urban Backpack,Accessories,30,49,0,0,18,350
2025-05-11,S001,Downtown Flagship,North,P003,Urban Backpack,Accessories,32,49,0,0,18,350
2025-05-12,S001,Downtown Flagship,North,P003,Urban Backpack,Accessories,20,49,0,0,18,350
2025-05-13,S001,Downtown Flagship,North,P003,Urban Backpack,Accessories,21,49,0,0,18,350
2025-05-14,S001,Downtown Flagship,North,P003,Urban Backpack,Accessories,21,49,0,0,18,350
2025-05-15,S001,Downtown Flagship,North,P003,Urban Backpack,Accessories,21,49,0,0,18,350
2025-05-16,S001,Downtown Flagship,North,P003,Urban Backpack,Accessories,22,49,0,0,18,350
2025-05-17,S001,Downtown Flagship,North,P003,Urban Backpack,Accessories,31,49,0,0,18,350
2025-05-18,S001,Downtown Flagship,North,P003,Urban Backpack,Accessories,29,49,0,0,18,350
2025-05-19,S001,Downtown Flagship,North,P003,Urban Backpack,Accessories,26,49,0,0,18,350
2025-05-20,S001,Downtown Flagship,North,P003,Urban Backpack,Accessories,17,49,0,0,18,350
2025-05-21,S001,Downtown Flagship,North,P003,Urban Backpack,Accessories,21,49,0,0,18,350
2025-05-22,S001,Downtown Flagship,North,P003,Urban Backpack,Accessories,22,49,0,0,18,350
2025-05-23,S001,Downtown Flagship,North,P003,Urban Backpack,Accessories,23,49,0,0,18,350
2025-05-24,S001,Downtown Flagship,North,P003,Urban Backpack,Accessories,30,49,0,0,18,350
2025-05-25,S001,Downtown Flagship,North,P003,Urban Backpack,Accessories,26,49,0,0,18,350
2025-05-26,S001,Downtown Flagship,North,P003,Urban Backpack,Accessories,18,49,0,0,18,350
2025-05-27,S001,Downtown Flagship,North,P003,Urban Backpack,Accessories,26,49,0,0,18,350
2025-05-28,S001,Downtown Flagship,North,P003,Urban Backpack,Accessories,24,49,0,0,18,350
2025-05-29,S001,Downtown Flagship,North,P003,Urban Backpack,Accessories,31,41.65,1,15,18,350
2025-05-30,S001,Downtown Flagship,North,P003,Urban Backpack,Accessories,30,41.65,1,15,18,350
2025-05-31,S001,Downtown Flagship,North,P003,Urban Backpack,Accessories,43,41.65,1,15,18,350
2025-06-01,S001,Downtown Flagship,North,P003,Urban Backpack,Accessories,43,41.65,1,15,18,350
2025-06-02,S001,Downtown Flagship,North,P003,Urban Backpack,Accessories,24,49,0,0,18,350
2025-06-03,S001,Downtown Flagship,North,P003,Urban Backpack,Accessories,29,49,0,0,18,350
2025-06-04,S001,Downtown Flagship,North,P003,Urban Backpack,Accessories,20,49,0,0,18,350
2025-06-05,S001,Downtown Flagship,North,P003,Urban Backpack,Accessories,26,49,0,0,18,350
2025-06-06,S001,Downtown Flagship,North,P003,Urban Backpack,Accessories,26,49,0,0,18,350
2025-06-07,S001,Downtown Flagship,North,P003,Urban Backpack,Accessories,30,49,0,0,18,350
2025-06-08,S001,Downtown Flagship,North,P003,Urban Backpack,Accessories,26,49,0,0,18,350
2025-06-09,S001,Downtown Flagship,North,P003,Urban Backpack,Accessories,18,49,0,0,18,350
2025-06-10,S001,Downtown Flagship,North,P003,Urban Backpack,Accessories,18,49,0,0,18,350
2025-06-11,S001,Downtown Flagship,North,P003,Urban Backpack,Accessories,30,49,0,0,18,350
2025-06-12,S001,Downtown Flagship,North,P003,Urban Backpack,Accessories,24,49,0,0,18,350
2025-06-13,S001,Downtown Flagship,North,P003,Urban Backpack,Accessories,17,49,0,0,18,350
2025-06-14,S001,Downtown Flagship,North,P003,Urban Backpack,Accessories,26,49,0,0,18,350
2025-06-15,S001,Downtown Flagship,North,P003,Urban Backpack,Accessories,23,49,0,0,18,350
2025-06-16,S001,Downtown Flagship,North,P003,Urban Backpack,Accessories,21,49,0,0,18,350
2025-06-17,S001,Downtown Flagship,North,P003,Urban Backpack,Accessories,26,49,0,0,18,350
2025-06-18,S001,Downtown Flagship,North,P003,Urban Backpack,Accessories,17,49,0,0,18,350
2025-06-19,S001,Downtown Flagship,North,P003,Urban Backpack,Accessories,21,49,0,0,18,350
2025-06-20,S001,Downtown Flagship,North,P003,Urban Backpack,Accessories,23,49,0,0,18,350
2025-06-21,S001,Downtown Flagship,North,P003,Urban Backpack,Accessories,30,49,0,0,18,350
2025-06-22,S001,Downtown Flagship,North,P003,Urban Backpack,Accessories,22,49,0,0,18,350
2025-06-23,S001,Downtown Flagship,North,P003,Urban Backpack,Accessories,20,49,0,0,18,350
2025-06-24,S001,Downtown Flagship,North,P003,Urban Backpack,Accessories,24,49,0,0,18,350
2025-06-25,S001,Downtown Flagship,North,P003,Urban Backpack,Accessories,21,49,0,0,18,350
2025-06-26,S001,Downtown Flagship,North,P003,Urban Backpack,Accessories,18,49,0,0,18,350
2025-06-27,S001,Downtown Flagship,North,P003,Urban Backpack,Accessories,26,49,0,0,18,350
2025-06-28,S001,Downtown Flagship,North,P003,Urban Backpack,Accessories,23,49,0,0,18,350
2025-06-29,S001,Downtown Flagship,North,P003,Urban Backpack,Accessories,23,49,0,0,18,350
2025-06-30,S001,Downtown Flagship,North,P003,Urban Backpack,Accessories,22,49,0,0,18,350
2025-07-01,S001,Downtown Flagship,North,P003,Urban Backpack,Accessories,17,49,0,0,18,350
2025-07-02,S001,Downtown Flagship,North,P003,Urban Backpack,Accessories,18,49,0,0,18,350
2025-07-03,S001,Downtown Flagship,North,P003,Urban Backpack,Accessories,23,49,0,0,18,350
2025-07-04,S001,Downtown Flagship,North,P003,Urban Backpack,Accessories,23,49,0,0,18,350
2025-07-05,S001,Downtown Flagship,North,P003,Urban Backpack,Accessories,35,41.65,1,15,18,350
2025-07-06,S001,Downtown Flagship,North,P003,Urban Backpack,Accessories,34,41.65,1,15,18,350
2025-07-07,S001,Downtown Flagship,North,P003,Urban Backpack,Accessories,27,41.65,1,15,18,350
2025-07-08,S001,Downtown Flagship,North,P003,Urban Backpack,Accessories,30,41.65,1,15,18,350
2025-07-09,S001,Downtown Flagship,North,P003,Urban Backpack,Accessories,16,49,0,0,18,350
2025-07-10,S001,Downtown Flagship,North,P003,Urban Backpack,Accessories,21,49,0,0,18,350
2025-07-11,S001,Downtown Flagship,North,P003,Urban Backpack,Accessories,18,49,0,0,18,350
2025-07-12,S001,Downtown Flagship,North,P003,Urban Backpack,Accessories,28,49,0,0,18,350
2025-07-13,S001,Downtown Flagship,North,P003,Urban Backpack,Accessories,28,49,0,0,18,350
2025-07-14,S001,Downtown Flagship,North,P003,Urban Backpack,Accessories,21,49,0,0,18,350
2025-07-15,S001,Downtown Flagship,North,P003,Urban Backpack,Accessories,20,49,0,0,18,350
2025-07-16,S001,Downtown Flagship,North,P003,Urban Backpack,Accessories,15,49,0,0,18,350
2025-07-17,S001,Downtown Flagship,North,P003,Urban Backpack,Accessories,20,49,0,0,18,350
2025-07-18,S001,Downtown Flagship,North,P003,Urban Backpack,Accessories,16,49,0,0,18,350
2025-07-19,S001,Downtown Flagship,North,P003,Urban Backpack,Accessories,23,49,0,0,18,350
2025-07-20,S001,Downtown Flagship,North,P003,Urban Backpack,Accessories,22,49,0,0,18,350
2025-07-21,S001,Downtown Flagship,North,P003,Urban Backpack,Accessories,20,49,0,0,18,350
2025-07-22,S001,Downtown Flagship,North,P003,Urban Backpack,Accessories,20,49,0,0,18,350
2025-07-23,S001,Downtown Flagship,North,P003,Urban Backpack,Accessories,19,49,0,0,18,350
2025-07-24,S001,Downtown Flagship,North,P003,Urban Backpack,Accessories,20,49,0,0,18,350
2025-07-25,S001,Downtown Flagship,North,P003,Urban Backpack,Accessories,16,49,0,0,18,350
2025-07-26,S001,Downtown Flagship,North,P003,Urban Backpack,Accessories,24,49,0,0,18,350
2025-07-27,S001,Downtown Flagship,North,P003,Urban Backpack,Accessories,28,49,0,0,18,350
2025-07-28,S001,Downtown Flagship,North,P003,Urban Backpack,Accessories,17,49,0,0,18,350
2025-07-29,S001,Downtown Flagship,North,P003,Urban Backpack,Accessories,16,49,0,0,18,350
2025-07-30,S001,Downtown Flagship,North,P003,Urban Backpack,Accessories,17,49,0,0,18,350
2025-07-31,S001,Downtown Flagship,North,P003,Urban Backpack,Accessories,15,49,0,0,18,350
2025-08-01,S001,Downtown Flagship,North,P003,Urban Backpack,Accessories,17,49,0,0,18,350
2025-08-02,S001,Downtown Flagship,North,P003,Urban Backpack,Accessories,21,49,0,0,18,350
2025-08-03,S001,Downtown Flagship,North,P003,Urban Backpack,Accessories,26,49,0,0,18,350
2025-08-04,S001,Downtown Flagship,North,P003,Urban Backpack,Accessories,18,49,0,0,18,350
2025-08-05,S001,Downtown Flagship,North,P003,Urban Backpack,Accessories,15,49,0,0,18,350
2025-08-06,S001,Downtown Flagship,North,P003,Urban Backpack,Accessories,14,49,0,0,18,350
2025-08-07,S001,Downtown Flagship,North,P003,Urban Backpack,Accessories,24,49,0,0,18,350
2025-08-08,S001,Downtown Flagship,North,P003,Urban Backpack,Accessories,20,49,0,0,18,350
2025-08-09,S001,Downtown Flagship,North,P003,Urban Backpack,Accessories,23,49,0,0,18,350
2025-08-10,S001,Downtown Flagship,North,P003,Urban Backpack,Accessories,23,49,0,0,18,350
2025-08-11,S001,Downtown Flagship,North,P003,Urban Backpack,Accessories,28,41.65,1,15,18,350
2025-08-12,S001,Downtown Flagship,North,P003,Urban Backpack,Accessories,20,41.65,1,15,18,350
2025-08-13,S001,Downtown Flagship,North,P003,Urban Backpack,Accessories,29,41.65,1,15,18,350
2025-08-14,S001,Downtown Flagship,North,P003,Urban Backpack,Accessories,24,41.65,1,15,18,350
2025-08-15,S001,Downtown Flagship,North,P003,Urban Backpack,Accessories,21,49,0,0,18,350
2025-08-16,S001,Downtown Flagship,North,P003,Urban Backpack,Accessories,24,49,0,0,18,350
2025-08-17,S001,Downtown Flagship,North,P003,Urban Backpack,Accessories,20,49,0,0,18,350
2025-08-18,S001,Downtown Flagship,North,P003,Urban Backpack,Accessories,17,49,0,0,18,350
2025-08-19,S001,Downtown Flagship,North,P003,Urban Backpack,Accessories,16,49,0,0,18,350
2025-08-20,S001,Downtown Flagship,North,P003,Urban Backpack,Accessories,18,49,0,0,18,350
2025-08-21,S001,Downtown Flagship,North,P003,Urban Backpack,Accessories,16,49,0,0,18,350
2025-08-22,S001,Downtown Flagship,North,P003,Urban Backpack,Accessories,19,49,0,0,18,350
2025-08-23,S001,Downtown Flagship,North,P003,Urban Backpack,Accessories,23,49,0,0,18,350
2025-08-24,S001,Downtown Flagship,North,P003,Urban Backpack,Accessories,15,49,0,0,18,350
2025-08-25,S001,Downtown Flagship,North,P003,Urban Backpack,Accessories,16,49,0,0,18,350
2025-08-26,S001,Downtown Flagship,North,P003,Urban Backpack,Accessories,18,49,0,0,18,350
2025-08-27,S001,Downtown Flagship,North,P003,Urban Backpack,Accessories,15,49,0,0,18,350
2025-08-28,S001,Downtown Flagship,North,P003,Urban Backpack,Accessories,18,49,0,0,18,350
2025-08-29,S001,Downtown Flagship,North,P003,Urban Backpack,Accessories,18,49,0,0,18,350
2025-08-30,S001,Downtown Flagship,North,P003,Urban Backpack,Accessories,23,49,0,0,18,350
2025-08-31,S001,Downtown Flagship,North,P003,Urban Backpack,Accessories,22,49,0,0,18,350
2025-09-01,S001,Downtown Flagship,North,P003,Urban Backpack,Accessories,15,49,0,0,18,350
2025-09-02,S001,Downtown Flagship,North,P003,Urban Backpack,Accessories,18,49,0,0,18,350
2025-09-03,S001,Downtown Flagship,North,P003,Urban Backpack,Accessories,18,49,0,0,18,350
2025-09-04,S001,Downtown Flagship,North,P003,Urban Backpack,Accessories,17,49,0,0,18,350
2025-09-05,S001,Downtown Flagship,North,P003,Urban Backpack,Accessories,17,49,0,0,18,350
2025-09-06,S001,Downtown Flagship,North,P003,Urban Backpack,Accessories,23,49,0,0,18,350
2025-09-07,S001,Downtown Flagship,North,P003,Urban Backpack,Accessories,23,49,0,0,18,350
2025-09-08,S001,Downtown Flagship,North,P003,Urban Backpack,Accessories,15,49,0,0,18,350
2025-09-09,S001,Downtown Flagship,North,P003,Urban Backpack,Accessories,17,49,0,0,18,350
2025-09-10,S001,Downtown Flagship,North,P003,Urban Backpack,Accessories,18,49,0,0,18,350
2025-09-11,S001,Downtown Flagship,North,P003,Urban Backpack,Accessories,14,49,0,0,18,350
2025-09-12,S001,Downtown Flagship,North,P003,Urban Backpack,Accessories,11,49,0,0,18,350
2025-09-13,S001,Downtown Flagship,North,P003,Urban Backpack,Accessories,24,49,0,0,18,350
2025-09-14,S001,Downtown Flagship,North,P003,Urban Backpack,Accessories,14,49,0,0,18,350
2025-09-15,S001,Downtown Flagship,North,P003,Urban Backpack,Accessories,15,49,0,0,18,350
2025-09-16,S001,Downtown Flagship,North,P003,Urban Backpack,Accessories,12,49,0,0,18,350
2025-09-17,S001,Downtown Flagship,North,P003,Urban Backpack,Accessories,24,41.65,1,15,18,350
2025-09-18,S001,Downtown Flagship,North,P003,Urban Backpack,Accessories,22,41.65,1,15,18,350
2025-09-19,S001,Downtown Flagship,North,P003,Urban Backpack,Accessories,29,41.65,1,15,18,350
2025-09-20,S001,Downtown Flagship,North,P003,Urban Backpack,Accessories,28,41.65,1,15,18,350
2025-09-21,S001,Downtown Flagship,North,P003,Urban Backpack,Accessories,22,49,0,0,18,350
2025-09-22,S001,Downtown Flagship,North,P003,Urban Backpack,Accessories,18,49,0,0,18,350
2025-09-23,S001,Downtown Flagship,North,P003,Urban Backpack,Accessories,16,49,0,0,18,350
2025-09-24,S001,Downtown Flagship,North,P003,Urban Backpack,Accessories,15,49,0,0,18,350
2025-09-25,S001,Downtown Flagship,North,P003,Urban Backpack,Accessories,16,49,0,0,18,350
2025-09-26,S001,Downtown Flagship,North,P003,Urban Backpack,Accessories,14,49,0,0,18,350
2025-09-27,S001,Downtown Flagship,North,P003,Urban Backpack,Accessories,17,49,0,0,18,350
2025-09-28,S001,Downtown Flagship,North,P003,Urban Backpack,Accessories,23,49,0,0,18,350
2025-09-29,S001,Downtown Flagship,North,P003,Urban Backpack,Accessories,13,49,0,0,18,350
2025-09-30,S001,Downtown Flagship,North,P003,Urban Backpack,Accessories,10,49,0,0,18,350
2025-10-01,S001,Downtown Flagship,North,P003,Urban Backpack,Accessories,15,49,0,0,18,350
2025-10-02,S001,Downtown Flagship,North,P003,Urban Backpack,Accessories,9,49,0,0,18,350
2025-10-03,S001,Downtown Flagship,North,P003,Urban Backpack,Accessories,12,49,0,0,18,350
2025-10-04,S001,Downtown Flagship,North,P003,Urban Backpack,Accessories,19,49,0,0,18,350
2025-10-05,S001,Downtown Flagship,North,P003,Urban Backpack,Accessories,21,49,0,0,18,350
2025-10-06,S001,Downtown Flagship,North,P003,Urban Backpack,Accessories,18,49,0,0,18,350
2025-10-07,S001,Downtown Flagship,North,P003,Urban Backpack,Accessories,12,49,0,0,18,350
2025-10-08,S001,Downtown Flagship,North,P003,Urban Backpack,Accessories,17,49,0,0,18,350
