sample_data/sample_sales.csv
date,store_id,store_name,region,product_id,product_name,category,sales,price,promotion,discount_pct,unit_cost,current_stock
2025-10-09,S001,Downtown Flagship,North,P003,Urban Backpack,Accessories,14,49,0,0,18,350
2025-10-10,S001,Downtown Flagship,North,P003,Urban Backpack,Accessories,14,49,0,0,18,350
2025-10-11,S001,Downtown Flagship,North,P003,Urban Backpack,Accessories,21,49,0,0,18,350
2025-10-12,S001,Downtown Flagship,North,P003,Urban Backpack,Accessories,19,49,0,0,18,350
2025-10-13,S001,Downtown Flagship,North,P003,Urban Backpack,Accessories,16,49,0,0,18,350
2025-10-14,S001,Downtown Flagship,North,P003,Urban Backpack,Accessories,14,49,0,0,18,350
2025-10-15,S001,Downtown Flagship,North,P003,Urban Backpack,Accessories,17,49,0,0,18,350
2025-10-16,S001,Downtown Flagship,North,P003,Urban Backpack,Accessories,17,49,0,0,18,350
2025-10-17,S001,Downtown Flagship,North,P003,Urban Backpack,Accessories,16,49,0,0,18,350
2025-10-18,S001,Downtown Flagship,North,P003,Urban Backpack,Accessories,23,49,0,0,18,350
2025-10-19,S001,Downtown Flagship,North,P003,Urban Backpack,Accessories,23,49,0,0,18,350
2025-10-20,S001,Downtown Flagship,North,P003,Urban Backpack,Accessories,11,49,0,0,18,350
2025-10-21,S001,Downtown Flagship,North,P003,Urban Backpack,Accessories,19,49,0,0,18,350
2025-10-22,S001,Downtown Flagship,North,P003,Urban Backpack,Accessories,12,49,0,0,18,350
2025-10-23,S001,Downtown Flagship,North,P003,Urban Backpack,Accessories,11,49,0,0,18,350
2025-10-24,S001,Downtown Flagship,North,P003,Urban Backpack,Accessories,18,41.65,1,15,18,350
2025-10-25,S001,Downtown Flagship,North,P003,Urban Backpack,Accessories,31,41.65,1,15,18,350
2025-10-26,S001,Downtown Flagship,North,P003,Urban Backpack,Accessories,31,41.65,1,15,18,350
2025-10-27,S001,Downtown Flagship,North,P003,Urban Backpack,Accessories,22,41.65,1,15,18,350
2025-10-28,S001,Downtown Flagship,North,P003,Urban Backpack,Accessories,14,49,0,0,18,350
2025-10-29,S001,Downtown Flagship,North,P003,Urban Backpack,Accessories,12,49,0,0,18,350
2025-10-30,S001,Downtown Flagship,North,P003,Urban Backpack,Accessories,15,49,0,0,18,350
2025-10-31,S001,Downtown Flagship,North,P003,Urban Backpack,Accessories,21,49,0,0,18,350
2025-11-01,S001,Downtown Flagship,North,P003,Urban Backpack,Accessories,15,49,0,0,18,350
2025-11-02,S001,Downtown Flagship,North,P003,Urban Backpack,Accessories,19,49,0,0,18,350
2025-11-03,S001,Downtown Flagship,North,P003,Urban Backpack,Accessories,13,49,0,0,18,350
2025-11-04,S001,Downtown Flagship,North,P003,Urban Backpack,Accessories,23,49,0,0,18,350
2025-11-05,S001,Downtown Flagship,North,P003,Urban Backpack,Accessories,13,49,0,0,18,350
2025-11-06,S001,Downtown Flagship,North,P003,Urban Backpack,Accessories,20,49,0,0,18,350
2025-11-07,S001,Downtown Flagship,North,P003,Urban Backpack,Accessories,19,49,0,0,18,350
2025-11-08,S001,Downtown Flagship,North,P003,Urban Backpack,Accessories,13,49,0,0,18,350
2025-11-09,S001,Downtown Flagship,North,P003,Urban Backpack,Accessories,16,49,0,0,18,350
2025-11-10,S001,Downtown Flagship,North,P003,Urban Backpack,Accessories,18,49,0,0,18,350
2025-11-11,S001,Downtown Flagship,North,P003,Urban Backpack,Accessories,13,49,0,0,18,350
2025-11-12,S001,Downtown Flagship,North,P003,Urban Backpack,Accessories,13,49,0,0,18,350
2025-11-13,S001,Downtown Flagship,North,P003,Urban Backpack,Accessories,18,49,0,0,18,350
2025-11-14,S001,Downtown Flagship,North,P003,Urban Backpack,Accessories,17,49,0,0,18,350
2025-11-15,S001,Downtown Flagship,North,P003,Urban Backpack,Accessories,25,49,0,0,18,350
2025-11-16,S001,Downtown Flagship,North,P003,Urban Backpack,Accessories,24,49,0,0,18,350
2025-11-17,S001,Downtown Flagship,North,P003,Urban Backpack,Accessories,16,49,0,0,18,350
2025-11-18,S001,Downtown Flagship,North,P003,Urban Backpack,Accessories,15,49,0,0,18,350
2025-11-19,S001,Downtown Flagship,North,P003,Urban Backpack,Accessories,18,49,0,0,18,350
2025-11-20,S001,Downtown Flagship,North,P003,Urban Backpack,Accessories,18,49,0,0,18,350
2025-11-21,S001,Downtown Flagship,North,P003,Urban Backpack,Accessories,19,49,0,0,18,350
2025-11-22,S001,Downtown Flagship,North,P003,Urban Backpack,Accessories,22,49,0,0,18,350
2025-11-23,S001,Downtown Flagship,North,P003,Urban Backpack,Accessories,19,49,0,0,18,350
2025-11-24,S001,Downtown Flagship,North,P003,Urban Backpack,Accessories,14,49,0,0,18,350
2025-11-25,S001,Downtown Flagship,North,P003,Urban Backpack,Accessories,21,49,0,0,18,350
2025-11-26,S001,Downtown Flagship,North,P003,Urban Backpack,Accessories,18,49,0,0,18,350
2025-11-27,S001,Downtown Flagship,North,P003,Urban Backpack,Accessories,21,49,0,0,18,350
2025-11-28,S001,Downtown Flagship,North,P003,Urban Backpack,Accessories,20,49,0,0,18,350
2025-11-29,S001,Downtown Flagship,North,P003,Urban Backpack,Accessories,22,49,0,0,18,350
2025-11-30,S001,Downtown Flagship,North,P003,Urban Backpack,Accessories,33,41.65,1,15,18,350
2025-12-01,S001,Downtown Flagship,North,P003,Urban Backpack,Accessories,29,41.65,1,15,18,350
2025-12-02,S001,Downtown Flagship,North,P003,Urban Backpack,Accessories,24,41.65,1,15,18,350
2025-12-03,S001,Downtown Flagship,North,P003,Urban Backpack,Accessories,23,41.65,1,15,18,350
2025-12-04,S001,Downtown Flagship,North,P003,Urban Backpack,Accessories,18,49,0,0,18,350
2025-12-05,S001,Downtown Flagship,North,P003,Urban Backpack,Accessories,15,49,0,0,18,350
2025-12-06,S001,Downtown Flagship,North,P003,Urban Backpack,Accessories,23,49,0,0,18,350
2025-12-07,S001,Downtown Flagship,North,P003,Urban Backpack,Accessories,20,49,0,0,18,350
2025-12-08,S001,Downtown Flagship,North,P003,Urban Backpack,Accessories,22,49,0,0,18,350
2025-12-09,S001,Downtown Flagship,North,P003,Urban Backpack,Accessories,15,49,0,0,18,350
2025-12-10,S001,Downtown Flagship,North,P003,Urban Backpack,Accessories,17,49,0,0,18,350
2025-12-11,S001,Downtown Flagship,North,P003,Urban Backpack,Accessories,22,49,0,0,18,350
2025-12-12,S001,Downtown Flagship,North,P003,Urban Backpack,Accessories,20,49,0,0,18,350
2025-12-13,S001,Downtown Flagship,North,P003,Urban Backpack,Accessories,23,49,0,0,18,350
2025-12-14,S001,Downtown Flagship,North,P003,Urban Backpack,Accessories,26,49,0,0,18,350
2025-12-15,S001,Downtown Flagship,North,P003,Urban Backpack,Accessories,17,49,0,0,18,350
2025-12-16,S001,Downtown Flagship,North,P003,Urban Backpack,Accessories,10,49,0,0,18,350
2025-12-17,S001,Downtown Flagship,North,P003,Urban Backpack,Accessories,18,49,0,0,18,350
2025-12-18,S001,Downtown Flagship,North,P003,Urban Backpack,Accessories,17,49,0,0,18,350
2025-12-19,S001,Downtown Flagship,North,P003,Urban Backpack,Accessories,22,49,0,0,18,350
2025-12-20,S001,Downtown Flagship,North,P003,Urban Backpack,Accessories,25,49,0,0,18,350
2025-12-21,S001,Downtown Flagship,North,P003,Urban Backpack,Accessories,29,49,0,0,18,350
2025-12-22,S001,Downtown Flagship,North,P003,Urban Backpack,Accessories,24,49,0,0,18,350
2025-12-23,S001,Downtown Flagship,North,P003,Urban Backpack,Accessories,18,49,0,0,18,350
2025-12-24,S001,Downtown Flagship,North,P003,Urban Backpack,Accessories,20,49,0,0,18,350
2025-12-25,S001,Downtown Flagship,North,P003,Urban Backpack,Accessories,20,49,0,0,18,350
2025-12-26,S001,Downtown Flagship,North,P003,Urban Backpack,Accessories,23,49,0,0,18,350
2025-12-27,S001,Downtown Flagship,North,P003,Urban Backpack,Accessories,28,49,0,0,18,350
2025-12-28,S001,Downtown Flagship,North,P003,Urban Backpack,Accessories,24,49,0,0,18,350
2025-12-29,S001,Downtown Flagship,North,P003,Urban Backpack,Accessories,17,49,0,0,18,350
2025-12-30,S001,Downtown Flagship,North,P003,Urban Backpack,Accessories,19,49,0,0,18,350
2025-12-31,S001,Downtown Flagship,North,P003,Urban Backpack,Accessories,18,49,0,0,18,350
2025-01-01,S001,Downtown Flagship,North,P004,Performance Tee,Apparel,37,24.65,1,15,9,800
2025-01-02,S001,Downtown Flagship,North,P004,Performance Tee,Apparel,32,24.65,1,15,9,800
2025-01-03,S001,Downtown Flagship,North,P004,Performance Tee,Apparel,36,24.65,1,15,9,800
2025-01-04,S001,Downtown Flagship,North,P004,Performance Tee,Apparel,41,24.65,1,15,9,800
2025-01-05,S001,Downtown Flagship,North,P004,Performance Tee,Apparel,32,29,0,0,9,800
2025-01-06,S001,Downtown Flagship,North,P004,Performance Tee,Apparel,23,29,0,0,9,800
2025-01-07,S001,Downtown Flagship,North,P004,Performance Tee,Apparel,22,29,0,0,9,800
2025-01-08,S001,Downtown Flagship,North,P004,Performance Tee,Apparel,25,29,0,0,9,800
2025-01-09,S001,Downtown Flagship,North,P004,Performance Tee,Apparel,24,29,0,0,9,800
2025-01-10,S001,Downtown Flagship,North,P004,Performance Tee,Apparel,23,29,0,0,9,800
2025-01-11,S001,Downtown Flagship,North,P004,Performance Tee,Apparel,28,29,0,0,9,800
2025-01-12,S001,Downtown Flagship,North,P004,Performance Tee,Apparel,33,29,0,0,9,800
2025-01-13,S001,Downtown Flagship,North,P004,Performance Tee,Apparel,24,29,0,0,9,800
2025-01-14,S001,Downtown Flagship,North,P004,Performance Tee,Apparel,27,29,0,0,9,800
2025-01-15,S001,Downtown Flagship,North,P004,Performance Tee,Apparel,24,29,0,0,9,800
2025-01-16,S001,Downtown Flagship,North,P004,Performance Tee,Apparel,25,29,0,0,9,800
2025-01-17,S001,Downtown Flagship,North,P004,Performance Tee,Apparel,28,29,0,0,9,800
2025-01-18,S001,Downtown Flagship,North,P004,Performance Tee,Apparel,33,29,0,0,9,800
2025-01-19,S001,Downtown Flagship,North,P004,Performance Tee,Apparel,34,29,0,0,9,800
2025-01-20,S001,Downtown Flagship,North,P004,Performance Tee,Apparel,27,29,0,0,9,800
2025-01-21,S001,Downtown Flagship,North,P004,Performance Tee,Apparel,25,29,0,0,9,800
2025-01-22,S001,Downtown Flagship,North,P004,Performance Tee,Apparel,26,29,0,0,9,800
2025-01-23,S001,Downtown Flagship,North,P004,Performance Tee,Apparel,20,29,0,0,9,800
2025-01-24,S001,Downtown Flagship,North,P004,Performance Tee,Apparel,30,29,0,0,9,800
2025-01-25,S001,Downtown Flagship,North,P004,Performance Tee,Apparel,33,29,0,0,9,800
2025-01-26,S001,Downtown Flagship,North,P004,Performance Tee,Apparel,29,29,0,0,9,800
2025-01-27,S001,Downtown Flagship,North,P004,Performance Tee,Apparel,20,29,0,0,9,800
2025-01-28,S001,Downtown Flagship,North,P004,Performance Tee,Apparel,32,29,0,0,9,800
2025-01-29,S001,Downtown Flagship,North,P004,Performance Tee,Apparel,27,29,0,0,9,800
2025-01-30,S001,Downtown Flagship,North,P004,Performance Tee,Apparel,26,29,0,0,9,800
2025-01-31,S001,Downtown Flagship,North,P004,Performance Tee,Apparel,24,29,0,0,9,800
2025-02-01,S001,Downtown Flagship,North,P004,Performance Tee,Apparel,34,29,0,0,9,800
2025-02-02,S001,Downtown Flagship,North,P004,Performance Tee,Apparel,36,29,0,0,9,800
2025-02-03,S001,Downtown Flagship,North,P004,Performance Tee,Apparel,24,29,0,0,9,800
2025-02-04,S001,Downtown Flagship,North,P004,Performance Tee,Apparel,22,29,0,0,9,800
2025-02-05,S001,Downtown Flagship,North,P004,Performance Tee,Apparel,31,29,0,0,9,800
2025-02-06,S001,Downtown Flagship,North,P004,Performance Tee,Apparel,27,29,0,0,9,800
2025-02-07,S001,Downtown Flagship,North,P004,Performance Tee,Apparel,24,29,0,0,9,800
2025-02-08,S001,Downtown Flagship,North,P004,Performance Tee,Apparel,32,29,0,0,9,800
2025-02-09,S001,Downtown Flagship,North,P004,Performance Tee,Apparel,36,29,0,0,9,800
2025-02-10,S001,Downtown Flagship,North,P004,Performance Tee,Apparel,44,24.65,1,15,9,800
2025-02-11,S001,Downtown Flagship,North,P004,Performance Tee,Apparel,44,24.65,1,15,9,800
2025-02-12,S001,Downtown Flagship,North,P004,Performance Tee,Apparel,42,24.65,1,15,9,800
2025-02-13,S001,Downtown Flagship,North,P004,Performance Tee,Apparel,40,24.65,1,15,9,800
2025-02-14,S001,Downtown Flagship,North,P004,Performance Tee,Apparel,31,29,0,0,9,800
2025-02-15,S001,Downtown Flagship,North,P004,Performance Tee,Apparel,35,29,0,0,9,800
2025-02-16,S001,Downtown Flagship,North,P004,Performance Tee,Apparel,31,29,0,0,9,800
2025-02-17,S001,Downtown Flagship,North,P004,Performance Tee,Apparel,33,29,0,0,9,800
2025-02-18,S001,Downtown Flagship,North,P004,Performance Tee,Apparel,30,29,0,0,9,800
2025-02-19,S001,Downtown Flagship,North,P004,Performance Tee,Apparel,26,29,0,0,9,800
2025-02-20,S001,Downtown Flagship,North,P004,Performance Tee,Apparel,28,29,0,0,9,800
2025-02-21,S001,Downtown Flagship,North,P004,Performance Tee,Apparel,27,29,0,0,9,800
2025-02-22,S001,Downtown Flagship,North,P004,Performance Tee,Apparel,37,29,0,0,9,800
2025-02-23,S001,Downtown Flagship,North,P004,Performance Tee,Apparel,35,29,0,0,9,800
2025-02-24,S001,Downtown Flagship,North,P004,Performance Tee,Apparel,29,29,0,0,9,800
2025-02-25,S001,Downtown Flagship,North,P004,Performance Tee,Apparel,28,29,0,0,9,800
2025-02-26,S001,Downtown Flagship,North,P004,Performance Tee,Apparel,26,29,0,0,9,800
2025-02-27,S001,Downtown Flagship,North,P004,Performance Tee,Apparel,27,29,0,0,9,800
2025-02-28,S001,Downtown Flagship,North,P004,Performance Tee,Apparel,30,29,0,0,9,800
2025-03-01,S001,Downtown Flagship,North,P004,Performance Tee,Apparel,31,29,0,0,9,800
2025-03-02,S001,Downtown Flagship,North,P004,Performance Tee,Apparel,32,29,0,0,9,800
2025-03-03,S001,Downtown Flagship,North,P004,Performance Tee,Apparel,26,29,0,0,9,800
2025-03-04,S001,Downtown Flagship,North,P004,Performance Tee,Apparel,25,29,0,0,9,800
2025-03-05,S001,Downtown Flagship,North,P004,Performance Tee,Apparel,31,29,0,0,9,800
2025-03-06,S001,Downtown Flagship,North,P004,Performance Tee,Apparel,27,29,0,0,9,800
2025-03-07,S001,Downtown Flagship,North,P004,Performance Tee,Apparel,25,29,0,0,9,800
2025-03-08,S001,Downtown Flagship,North,P004,Performance Tee,Apparel,41,29,0,0,9,800
2025-03-09,S001,Downtown Flagship,North,P004,Performance Tee,Apparel,35,29,0,0,9,800
2025-03-10,S001,Downtown Flagship,North,P004,Performance Tee,Apparel,24,29,0,0,9,800
2025-03-11,S001,Downtown Flagship,North,P004,Performance Tee,Apparel,27,29,0,0,9,800
2025-03-12,S001,Downtown Flagship,North,P004,Performance Tee,Apparel,24,29,0,0,9,800
2025-03-13,S001,Downtown Flagship,North,P004,Performance Tee,Apparel,24,29,0,0,9,800
2025-03-14,S001,Downtown Flagship,North,P004,Performance Tee,Apparel,32,29,0,0,9,800
2025-03-15,S001,Downtown Flagship,North,P004,Performance Tee,Apparel,39,29,0,0,9,800
2025-03-16,S001,Downtown Flagship,North,P004,Performance Tee,Apparel,34,29,0,0,9,800
2025-03-17,S001,Downtown Flagship,North,P004,Performance Tee,Apparel,28,29,0,0,9,800
2025-03-18,S001,Downtown Flagship,North,P004,Performance Tee,Apparel,27,29,0,0,9,800
2025-03-19,S001,Downtown Flagship,North,P004,Performance Tee,Apparel,31,29,0,0,9,800
2025-03-20,S001,Downtown Flagship,North,P004,Performance Tee,Apparel,27,29,0,0,9,800
2025-03-21,S001,Downtown Flagship,North,P004,Performance Tee,Apparel,21,29,0,0,9,800
2025-03-22,S001,Downtown Flagship,North,P004,Performance Tee,Apparel,46,24.65,1,15,9,800
2025-03-23,S001,Downtown Flagship,North,P004,Performance Tee,Apparel,56,24.65,1,15,9,800
2025-03-24,S001,Downtown Flagship,North,P004,Performance Tee,Apparel,41,24.65,1,15,9,800
2025-03-25,S001,Downtown Flagship,North,P004,Performance Tee,Apparel,41,24.65,1,15,9,800
2025-03-26,S001,Downtown Flagship,North,P004,Performance Tee,Apparel,26,29,0,0,9,800
2025-03-27,S001,Downtown Flagship,North,P004,Performance Tee,Apparel,27,29,0,0,9,800
2025-03-28,S001,Downtown Flagship,North,P004,Performance Tee,Apparel,30,29,0,0,9,800
2025-03-29,S001,Downtown Flagship,North,P004,Performance Tee,Apparel,39,29,0,0,9,800
2025-03-30,S001,Downtown Flagship,North,P004,Performance Tee,Apparel,33,29,0,0,9,800
2025-03-31,S001,Downtown Flagship,North,P004,Performance Tee,Apparel,29,29,0,0,9,800
2025-04-01,S001,Downtown Flagship,North,P004,Performance Tee,Apparel,32,29,0,0,9,800
2025-04-02,S001,Downtown Flagship,North,P004,Performance Tee,Apparel,32,29,0,0,9,800
2025-04-03,S001,Downtown Flagship,North,P004,Performance Tee,Apparel,22,29,0,0,9,800
2025-04-04,S001,Downtown Flagship,North,P004,Performance Tee,Apparel,27,29,0,0,9,800
2025-04-05,S001,Downtown Flagship,North,P004,Performance Tee,Apparel,34,29,0,0,9,800
2025-04-06,S001,Downtown Flagship,North,P004,Performance Tee,Apparel,38,29,0,0,9,800
2025-04-07,S001,Downtown Flagship,North,P004,Performance Tee,Apparel,26,29,0,0,9,800
2025-04-08,S001,Downtown Flagship,North,P004,Performance Tee,Apparel,32,29,0,0,9,800
2025-04-09,S001,Downtown Flagship,North,P004,Performance Tee,Apparel,26,29,0,0,9,800
2025-04-10,S001,Downtown Flagship,North,P004,Performance Tee,Apparel,26,29,0,0,9,800
2025-04-11,S001,Downtown Flagship,North,P004,Performance Tee,Apparel,27,29,0,0,9,800
2025-04-12,S001,Downtown Flagship,North,P004,Performance Tee,Apparel,31,29,0,0,9,800
2025-04-13,S001,Downtown Flagship,North,P004,Performance Tee,Apparel,31,29,0,0,9,800
2025-04-14,S001,Downtown Flagship,North,P004,Performance Tee,Apparel,31,29,0,0,9,800
2025-04-15,S001,Downtown Flagship,North,P004,Performance Tee,Apparel,29,29,0,0,9,800
2025-04-16,S001,Downtown Flagship,North,P004,Performance Tee,Apparel,33,29,0,0,9,800
2025-04-17,S001,Downtown Flagship,North,P004,Performance Tee,Apparel,32,29,0,0,9,800
2025-04-18,S001,Downtown Flagship,North,P004,Performance Tee,Apparel,26,29,0,0,9,800
2025-04-19,S001,Downtown Flagship,North,P004,Performance Tee,Apparel,40,29,0,0,9,800
2025-04-20,S001,Downtown Flagship,North,P004,Performance Tee,Apparel,38,29,0,0,9,800
2025-04-21,S001,Downtown Flagship,North,P004,Performance Tee,Apparel,30,29,0,0,9,800
2025-04-22,S001,Downtown Flagship,North,P004,Performance Tee,Apparel,27,29,0,0,9,800
2025-04-23,S001,Downtown Flagship,North,P004,Performance Tee,Apparel,26,29,0,0,9,800
2025-04-24,S001,Downtown Flagship,North,P004,Performance Tee,Apparel,26,29,0,0,9,800
2025-04-25,S001,Downtown Flagship,North,P004,Performance Tee,Apparel,32,29,0,0,9,800
2025-04-26,S001,Downtown Flagship,North,P004,Performance Tee,Apparel,32,29,0,0,9,800
2025-04-27,S001,Downtown Flagship,North,P004,Performance Tee,Apparel,33,29,0,0,9,800
2025-04-28,S001,Downtown Flagship,North,P004,Performance Tee,Apparel,27,29,0,0,9,800
2025-04-29,S001,Downtown Flagship,North,P004,Performance Tee,Apparel,29,29,0,0,9,800
2025-04-30,S001,Downtown Flagship,North,P004,Performance Tee,Apparel,26,29,0,0,9,800
2025-05-01,S001,Downtown Flagship,North,P004,Performance Tee,Apparel,43,24.65,1,15,9,800
