sample_data/sample_sales.csv
date,store_id,store_name,region,product_id,product_name,category,sales,price,promotion,discount_pct,unit_cost,current_stock
2025-05-02,S001,Downtown Flagship,North,P004,Performance Tee,Apparel,41,24.65,1,15,9,800
2025-05-03,S001,Downtown Flagship,North,P004,Performance Tee,Apparel,49,24.65,1,15,9,800
2025-05-04,S001,Downtown Flagship,North,P004,Performance Tee,Apparel,48,24.65,1,15,9,800
2025-05-05,S001,Downtown Flagship,North,P004,Performance Tee,Apparel,26,29,0,0,9,800
2025-05-06,S001,Downtown Flagship,North,P004,Performance Tee,Apparel,32,29,0,0,9,800
2025-05-07,S001,Downtown Flagship,North,P004,Performance Tee,Apparel,32,29,0,0,9,800
2025-05-08,S001,Downtown Flagship,North,P004,Performance Tee,Apparel,31,29,0,0,9,800
2025-05-09,S001,Downtown Flagship,North,P004,Performance Tee,Apparel,31,29,0,0,9,800
2025-05-10,S001,Downtown Flagship,North,P004,Performance Tee,Apparel,32,29,0,0,9,800
2025-05-11,S001,Downtown Flagship,North,P004,Performance Tee,Apparel,37,29,0,0,9,800
2025-05-12,S001,Downtown Flagship,North,P004,Performance Tee,Apparel,33,29,0,0,9,800
2025-05-13,S001,Downtown Flagship,North,P004,Performance Tee,Apparel,32,29,0,0,9,800
2025-05-14,S001,Downtown Flagship,North,P004,Performance Tee,Apparel,28,29,0,0,9,800
2025-05-15,S001,Downtown Flagship,North,P004,Performance Tee,Apparel,25,29,0,0,9,800
2025-05-16,S001,Downtown Flagship,North,P004,Performance Tee,Apparel,26,29,0,0,9,800
2025-05-17,S001,Downtown Flagship,North,P004,Performance Tee,Apparel,34,29,0,0,9,800
2025-05-18,S001,Downtown Flagship,North,P004,Performance Tee,Apparel,41,29,0,0,9,800
2025-05-19,S001,Downtown Flagship,North,P004,Performance Tee,Apparel,26,29,0,0,9,800
2025-05-20,S001,Downtown Flagship,North,P004,Performance Tee,Apparel,30,29,0,0,9,800
2025-05-21,S001,Downtown Flagship,North,P004,Performance Tee,Apparel,36,29,0,0,9,800
2025-05-22,S001,Downtown Flagship,North,P004,Performance Tee,Apparel,27,29,0,0,9,800
2025-05-23,S001,Downtown Flagship,North,P004,Performance Tee,Apparel,25,29,0,0,9,800
2025-05-24,S001,Downtown Flagship,North,P004,Performance Tee,Apparel,30,29,0,0,9,800
2025-05-25,S001,Downtown Flagship,North,P004,Performance Tee,Apparel,31,29,0,0,9,800
2025-05-26,S001,Downtown Flagship,North,P004,Performance Tee,Apparel,30,29,0,0,9,800
2025-05-27,S001,Downtown Flagship,North,P004,Performance Tee,Apparel,33,29,0,0,9,800
2025-05-28,S001,Downtown Flagship,North,P004,Performance Tee,Apparel,35,29,0,0,9,800
2025-05-29,S001,Downtown Flagship,North,P004,Performance Tee,Apparel,24,29,0,0,9,800
2025-05-30,S001,Downtown Flagship,North,P004,Performance Tee,Apparel,27,29,0,0,9,800
2025-05-31,S001,Downtown Flagship,North,P004,Performance Tee,Apparel,35,29,0,0,9,800
2025-06-01,S001,Downtown Flagship,North,P004,Performance Tee,Apparel,41,29,0,0,9,800
2025-06-02,S001,Downtown Flagship,North,P004,Performance Tee,Apparel,25,29,0,0,9,800
2025-06-03,S001,Downtown Flagship,North,P004,Performance Tee,Apparel,32,29,0,0,9,800
2025-06-04,S001,Downtown Flagship,North,P004,Performance Tee,Apparel,27,29,0,0,9,800
2025-06-05,S001,Downtown Flagship,North,P004,Performance Tee,Apparel,29,29,0,0,9,800
2025-06-06,S001,Downtown Flagship,North,P004,Performance Tee,Apparel,27,29,0,0,9,800
2025-06-07,S001,Downtown Flagship,North,P004,Performance Tee,Apparel,32,29,0,0,9,800
2025-06-08,S001,Downtown Flagship,North,P004,Performance Tee,Apparel,31,29,0,0,9,800
2025-06-09,S001,Downtown Flagship,North,P004,Performance Tee,Apparel,26,29,0,0,9,800
2025-06-10,S001,Downtown Flagship,North,P004,Performance Tee,Apparel,37,24.65,1,15,9,800
2025-06-11,S001,Downtown Flagship,North,P004,Performance Tee,Apparel,41,24.65,1,15,9,800
2025-06-12,S001,Downtown Flagship,North,P004,Performance Tee,Apparel,37,24.65,1,15,9,800
2025-06-13,S001,Downtown Flagship,North,P004,Performance Tee,Apparel,36,24.65,1,15,9,800
2025-06-14,S001,Downtown Flagship,North,P004,Performance Tee,Apparel,39,29,0,0,9,800
2025-06-15,S001,Downtown Flagship,North,P004,Performance Tee,Apparel,29,29,0,0,9,800
2025-06-16,S001,Downtown Flagship,North,P004,Performance Tee,Apparel,23,29,0,0,9,800
2025-06-17,S001,Downtown Flagship,North,P004,Performance Tee,Apparel,21,29,0,0,9,800
2025-06-18,S001,Downtown Flagship,North,P004,Performance Tee,Apparel,29,29,0,0,9,800
2025-06-19,S001,Downtown Flagship,North,P004,Performance Tee,Apparel,27,29,0,0,9,800
2025-06-20,S001,Downtown Flagship,North,P004,Performance Tee,Apparel,30,29,0,0,9,800
2025-06-21,S001,Downtown Flagship,North,P004,Performance Tee,Apparel,31,29,0,0,9,800
2025-06-22,S001,Downtown Flagship,North,P004,Performance Tee,Apparel,31,29,0,0,9,800
2025-06-23,S001,Downtown Flagship,North,P004,Performance Tee,Apparel,32,29,0,0,9,800
2025-06-24,S001,Downtown Flagship,North,P004,Performance Tee,Apparel,18,29,0,0,9,800
2025-06-25,S001,Downtown Flagship,North,P004,Performance Tee,Apparel,25,29,0,0,9,800
2025-06-26,S001,Downtown Flagship,North,P004,Performance Tee,Apparel,28,29,0,0,9,800
2025-06-27,S001,Downtown Flagship,North,P004,Performance Tee,Apparel,25,29,0,0,9,800
2025-06-28,S001,Downtown Flagship,North,P004,Performance Tee,Apparel,32,29,0,0,9,800
2025-06-29,S001,Downtown Flagship,North,P004,Performance Tee,Apparel,33,29,0,0,9,800
2025-06-30,S001,Downtown Flagship,North,P004,Performance Tee,Apparel,25,29,0,0,9,800
2025-07-01,S001,Downtown Flagship,North,P004,Performance Tee,Apparel,31,29,0,0,9,800
2025-07-02,S001,Downtown Flagship,North,P004,Performance Tee,Apparel,28,29,0,0,9,800
2025-07-03,S001,Downtown Flagship,North,P004,Performance Tee,Apparel,23,29,0,0,9,800
2025-07-04,S001,Downtown Flagship,North,P004,Performance Tee,Apparel,26,29,0,0,9,800
2025-07-05,S001,Downtown Flagship,North,P004,Performance Tee,Apparel,32,29,0,0,9,800
2025-07-06,S001,Downtown Flagship,North,P004,Performance Tee,Apparel,32,29,0,0,9,800
2025-07-07,S001,Downtown Flagship,North,P004,Performance Tee,Apparel,27,29,0,0,9,800
2025-07-08,S001,Downtown Flagship,North,P004,Performance Tee,Apparel,25,29,0,0,9,800
2025-07-09,S001,Downtown Flagship,North,P004,Performance Tee,Apparel,30,29,0,0,9,800
2025-07-10,S001,Downtown Flagship,North,P004,Performance Tee,Apparel,21,29,0,0,9,800
2025-07-11,S001,Downtown Flagship,North,P004,Performance Tee,Apparel,28,29,0,0,9,800
2025-07-12,S001,Downtown Flagship,North,P004,Performance Tee,Apparel,29,29,0,0,9,800
2025-07-13,S001,Downtown Flagship,North,P004,Performance Tee,Apparel,31,29,0,0,9,800
2025-07-14,S001,Downtown Flagship,North,P004,Performance Tee,Apparel,23,29,0,0,9,800
2025-07-15,S001,Downtown Flagship,North,P004,Performance Tee,Apparel,23,29,0,0,9,800
2025-07-16,S001,Downtown Flagship,North,P004,Performance Tee,Apparel,25,29,0,0,9,800
2025-07-17,S001,Downtown Flagship,North,P004,Performance Tee,Apparel,24,29,0,0,9,800
2025-07-18,S001,Downtown Flagship,North,P004,Performance Tee,Apparel,21,29,0,0,9,800
2025-07-19,S001,Downtown Flagship,North,P004,Performance Tee,Apparel,34,29,0,0,9,800
2025-07-20,S001,Downtown Flagship,North,P004,Performance Tee,Apparel,45,24.65,1,15,9,800
2025-07-21,S001,Downtown Flagship,North,P004,Performance Tee,Apparel,36,24.65,1,15,9,800
2025-07-22,S001,Downtown Flagship,North,P004,Performance Tee,Apparel,32,24.65,1,15,9,800
2025-07-23,S001,Downtown Flagship,North,P004,Performance Tee,Apparel,30,24.65,1,15,9,800
2025-07-24,S001,Downtown Flagship,North,P004,Performance Tee,Apparel,20,29,0,0,9,800
2025-07-25,S001,Downtown Flagship,North,P004,Performance Tee,Apparel,23,29,0,0,9,800
2025-07-26,S001,Downtown Flagship,North,P004,Performance Tee,Apparel,29,29,0,0,9,800
2025-07-27,S001,Downtown Flagship,North,P004,Performance Tee,Apparel,21,29,0,0,9,800
2025-07-28,S001,Downtown Flagship,North,P004,Performance Tee,Apparel,16,29,0,0,9,800
2025-07-29,S001,Downtown Flagship,North,P004,Performance Tee,Apparel,21,29,0,0,9,800
2025-07-30,S001,Downtown Flagship,North,P004,Performance Tee,Apparel,22,29,0,0,9,800
2025-07-31,S001,Downtown Flagship,North,P004,Performance Tee,Apparel,25,29,0,0,9,800
2025-08-01,S001,Downtown Flagship,North,P004,Performance Tee,Apparel,20,29,0,0,9,800
2025-08-02,S001,Downtown Flagship,North,P004,Performance Tee,Apparel,31,29,0,0,9,800
2025-08-03,S001,Downtown Flagship,North,P004,Performance Tee,Apparel,18,29,0,0,9,800
2025-08-04,S001,Downtown Flagship,North,P004,Performance Tee,Apparel,20,29,0,0,9,800
2025-08-05,S001,Downtown Flagship,North,P004,Performance Tee,Apparel,16,29,0,0,9,800
2025-08-06,S001,Downtown Flagship,North,P004,Performance Tee,Apparel,20,29,0,0,9,800
2025-08-07,S001,Downtown Flagship,North,P004,Performance Tee,Apparel,23,29,0,0,9,800
2025-08-08,S001,Downtown Flagship,North,P004,Performance Tee,Apparel,18,29,0,0,9,800
2025-08-09,S001,Downtown Flagship,North,P004,Performance Tee,Apparel,23,29,0,0,9,800
2025-08-10,S001,Downtown Flagship,North,P004,Performance Tee,Apparel,31,29,0,0,9,800
2025-08-11,S001,Downtown Flagship,North,P004,Performance Tee,Apparel,22,29,0,0,9,800
2025-08-12,S001,Downtown Flagship,North,P004,Performance Tee,Apparel,20,29,0,0,9,800
2025-08-13,S001,Downtown Flagship,North,P004,Performance Tee,Apparel,22,29,0,0,9,800
2025-08-14,S001,Downtown Flagship,North,P004,Performance Tee,Apparel,18,29,0,0,9,800
2025-08-15,S001,Downtown Flagship,North,P004,Performance Tee,Apparel,18,29,0,0,9,800
2025-08-16,S001,Downtown Flagship,North,P004,Performance Tee,Apparel,17,29,0,0,9,800
2025-08-17,S001,Downtown Flagship,North,P004,Performance Tee,Apparel,29,29,0,0,9,800
2025-08-18,S001,Downtown Flagship,North,P004,Performance Tee,Apparel,23,29,0,0,9,800
2025-08-19,S001,Downtown Flagship,North,P004,Performance Tee,Apparel,20,29,0,0,9,800
2025-08-20,S001,Downtown Flagship,North,P004,Performance Tee,Apparel,21,29,0,0,9,800
2025-08-21,S001,Downtown Flagship,North,P004,Performance Tee,Apparel,17,29,0,0,9,800
2025-08-22,S001,Downtown Flagship,North,P004,Performance Tee,Apparel,20,29,0,0,9,800
2025-08-23,S001,Downtown Flagship,North,P004,Performance Tee,Apparel,26,29,0,0,9,800
2025-08-24,S001,Downtown Flagship,North,P004,Performance Tee,Apparel,26,29,0,0,9,800
2025-08-25,S001,Downtown Flagship,North,P004,Performance Tee,Apparel,25,29,0,0,9,800
2025-08-26,S001,Downtown Flagship,North,P004,Performance Tee,Apparel,23,29,0,0,9,800
2025-08-27,S001,Downtown Flagship,North,P004,Performance Tee,Apparel,18,29,0,0,9,800
2025-08-28,S001,Downtown Flagship,North,P004,Performance Tee,Apparel,15,29,0,0,9,800
2025-08-29,S001,Downtown Flagship,North,P004,Performance Tee,Apparel,35,24.65,1,15,9,800
2025-08-30,S001,Downtown Flagship,North,P004,Performance Tee,Apparel,29,24.65,1,15,9,800
2025-08-31,S001,Downtown Flagship,North,P004,Performance Tee,Apparel,31,24.65,1,15,9,800
2025-09-01,S001,Downtown Flagship,North,P004,Performance Tee,Apparel,31,24.65,1,15,9,800
2025-09-02,S001,Downtown Flagship,North,P004,Performance Tee,Apparel,17,29,0,0,9,800
2025-09-03,S001,Downtown Flagship,North,P004,Performance Tee,Apparel,21,29,0,0,9,800
2025-09-04,S001,Downtown Flagship,North,P004,Performance Tee,Apparel,17,29,0,0,9,800
2025-09-05,S001,Downtown Flagship,North,P004,Performance Tee,Apparel,19,29,0,0,9,800
2025-09-06,S001,Downtown Flagship,North,P004,Performance Tee,Apparel,29,29,0,0,9,800
2025-09-07,S001,Downtown Flagship,North,P004,Performance Tee,Apparel,24,29,0,0,9,800
2025-09-08,S001,Downtown Flagship,North,P004,Performance Tee,Apparel,18,29,0,0,9,800
2025-09-09,S001,Downtown Flagship,North,P004,Performance Tee,Apparel,18,29,0,0,9,800
2025-09-10,S001,Downtown Flagship,North,P004,Performance Tee,Apparel,23,29,0,0,9,800
2025-09-11,S001,Downtown Flagship,North,P004,Performance Tee,Apparel,20,29,0,0,9,800
2025-09-12,S001,Downtown Flagship,North,P004,Performance Tee,Apparel,19,29,0,0,9,800
2025-09-13,S001,Downtown Flagship,North,P004,Performance Tee,Apparel,26,29,0,0,9,800
2025-09-14,S001,Downtown Flagship,North,P004,Performance Tee,Apparel,22,29,0,0,9,800
2025-09-15,S001,Downtown Flagship,North,P004,Performance Tee,Apparel,18,29,0,0,9,800
2025-09-16,S001,Downtown Flagship,North,P004,Performance Tee,Apparel,15,29,0,0,9,800
2025-09-17,S001,Downtown Flagship,North,P004,Performance Tee,Apparel,15,29,0,0,9,800
2025-09-18,S001,Downtown Flagship,North,P004,Performance Tee,Apparel,22,29,0,0,9,800
2025-09-19,S001,Downtown Flagship,North,P004,Performance Tee,Apparel,20,29,0,0,9,800
2025-09-20,S001,Downtown Flagship,North,P004,Performance Tee,Apparel,22,29,0,0,9,800
2025-09-21,S001,Downtown Flagship,North,P004,Performance Tee,Apparel,19,29,0,0,9,800
2025-09-22,S001,Downtown Flagship,North,P004,Performance Tee,Apparel,19,29,0,0,9,800
2025-09-23,S001,Downtown Flagship,North,P004,Performance Tee,Apparel,19,29,0,0,9,800
2025-09-24,S001,Downtown Flagship,North,P004,Performance Tee,Apparel,22,29,0,0,9,800
2025-09-25,S001,Downtown Flagship,North,P004,Performance Tee,Apparel,18,29,0,0,9,800
2025-09-26,S001,Downtown Flagship,North,P004,Performance Tee,Apparel,21,29,0,0,9,800
2025-09-27,S001,Downtown Flagship,North,P004,Performance Tee,Apparel,20,29,0,0,9,800
2025-09-28,S001,Downtown Flagship,North,P004,Performance Tee,Apparel,28,29,0,0,9,800
2025-09-29,S001,Downtown Flagship,North,P004,Performance Tee,Apparel,20,29,0,0,9,800
2025-09-30,S001,Downtown Flagship,North,P004,Performance Tee,Apparel,18,29,0,0,9,800
2025-10-01,S001,Downtown Flagship,North,P004,Performance Tee,Apparel,20,29,0,0,9,800
2025-10-02,S001,Downtown Flagship,North,P004,Performance Tee,Apparel,15,29,0,0,9,800
2025-10-03,S001,Downtown Flagship,North,P004,Performance Tee,Apparel,21,29,0,0,9,800
2025-10-04,S001,Downtown Flagship,North,P004,Performance Tee,Apparel,28,29,0,0,9,800
2025-10-05,S001,Downtown Flagship,North,P004,Performance Tee,Apparel,24,29,0,0,9,800
2025-10-06,S001,Downtown Flagship,North,P004,Performance Tee,Apparel,21,29,0,0,9,800
2025-10-07,S001,Downtown Flagship,North,P004,Performance Tee,Apparel,24,29,0,0,9,800
2025-10-08,S001,Downtown Flagship,North,P004,Performance Tee,Apparel,30,24.65,1,15,9,800
2025-10-09,S001,Downtown Flagship,North,P004,Performance Tee,Apparel,24,24.65,1,15,9,800
2025-10-10,S001,Downtown Flagship,North,P004,Performance Tee,Apparel,26,24.65,1,15,9,800
2025-10-11,S001,Downtown Flagship,North,P004,Performance Tee,Apparel,39,24.65,1,15,9,800
2025-10-12,S001,Downtown Flagship,North,P004,Performance Tee,Apparel,22,29,0,0,9,800
2025-10-13,S001,Downtown Flagship,North,P004,Performance Tee,Apparel,20,29,0,0,9,800
2025-10-14,S001,Downtown Flagship,North,P004,Performance Tee,Apparel,21,29,0,0,9,800
2025-10-15,S001,Downtown Flagship,North,P004,Performance Tee,Apparel,15,29,0,0,9,800
2025-10-16,S001,Downtown Flagship,North,P004,Performance Tee,Apparel,22,29,0,0,9,800
2025-10-17,S001,Downtown Flagship,North,P004,Performance Tee,Apparel,21,29,0,0,9,800
2025-10-18,S001,Downtown Flagship,North,P004,Performance Tee,Apparel,26,29,0,0,9,800
2025-10-19,S001,Downtown Flagship,North,P004,Performance Tee,Apparel,19,29,0,0,9,800
2025-10-20,S001,Downtown Flagship,North,P004,Performance Tee,Apparel,20,29,0,0,9,800
2025-10-21,S001,Downtown Flagship,North,P004,Performance Tee,Apparel,21,29,0,0,9,800
2025-10-22,S001,Downtown Flagship,North,P004,Performance Tee,Apparel,17,29,0,0,9,800
2025-10-23,S001,Downtown Flagship,North,P004,Performance Tee,Apparel,18,29,0,0,9,800
2025-10-24,S001,Downtown Flagship,North,P004,Performance Tee,Apparel,20,29,0,0,9,800
2025-10-25,S001,Downtown Flagship,North,P004,Performance Tee,Apparel,27,29,0,0,9,800
2025-10-26,S001,Downtown Flagship,North,P004,Performance Tee,Apparel,26,29,0,0,9,800
2025-10-27,S001,Downtown Flagship,North,P004,Performance Tee,Apparel,20,29,0,0,9,800
2025-10-28,S001,Downtown Flagship,North,P004,Performance Tee,Apparel,18,29,0,0,9,800
2025-10-29,S001,Downtown Flagship,North,P004,Performance Tee,Apparel,20,29,0,0,9,800
2025-10-30,S001,Downtown Flagship,North,P004,Performance Tee,Apparel,18,29,0,0,9,800
2025-10-31,S001,Downtown Flagship,North,P004,Performance Tee,Apparel,23,29,0,0,9,800
2025-11-01,S001,Downtown Flagship,North,P004,Performance Tee,Apparel,29,29,0,0,9,800
2025-11-02,S001,Downtown Flagship,North,P004,Performance Tee,Apparel,20,29,0,0,9,800
2025-11-03,S001,Downtown Flagship,North,P004,Performance Tee,Apparel,19,29,0,0,9,800
2025-11-04,S001,Downtown Flagship,North,P004,Performance Tee,Apparel,22,29,0,0,9,800
2025-11-05,S001,Downtown Flagship,North,P004,Performance Tee,Apparel,20,29,0,0,9,800
2025-11-06,S001,Downtown Flagship,North,P004,Performance Tee,Apparel,12,29,0,0,9,800
2025-11-07,S001,Downtown Flagship,North,P004,Performance Tee,Apparel,19,29,0,0,9,800
2025-11-08,S001,Downtown Flagship,North,P004,Performance Tee,Apparel,24,29,0,0,9,800
2025-11-09,S001,Downtown Flagship,North,P004,Performance Tee,Apparel,24,29,0,0,9,800
2025-11-10,S001,Downtown Flagship,North,P004,Performance Tee,Apparel,16,29,0,0,9,800
2025-11-11,S001,Downtown Flagship,North,P004,Performance Tee,Apparel,17,29,0,0,9,800
2025-11-12,S001,Downtown Flagship,North,P004,Performance Tee,Apparel,23,29,0,0,9,800
2025-11-13,S001,Downtown Flagship,North,P004,Performance Tee,Apparel,15,29,0,0,9,800
2025-11-14,S001,Downtown Flagship,North,P004,Performance Tee,Apparel,14,29,0,0,9,800
2025-11-15,S001,Downtown Flagship,North,P004,Performance Tee,Apparel,21,29,0,0,9,800
2025-11-16,S001,Downtown Flagship,North,P004,Performance Tee,Apparel,28,29,0,0,9,800
2025-11-17,S001,Downtown Flagship,North,P004,Performance Tee,Apparel,32,24.65,1,15,9,800
2025-11-18,S001,Downtown Flagship,North,P004,Performance Tee,Apparel,32,24.65,1,15,9,800
2025-11-19,S001,Downtown Flagship,North,P004,Performance Tee,Apparel,30,24.65,1,15,9,800
2025-11-20,S001,Downtown Flagship,North,P004,Performance Tee,Apparel,27,24.65,1,15,9,800
2025-11-21,S001,Downtown Flagship,North,P004,Performance Tee,Apparel,17,29,0,0,9,800
2025-11-22,S001,Downtown Flagship,North,P004,Performance Tee,Apparel,29,29,0,0,9,800
2025-11-23,S001,Downtown Flagship,North,P004,Performance Tee,Apparel,30,29,0,0,9,800
2025-11-24,S001,Downtown Flagship,North,P004,Performance Tee,Apparel,20,29,0,0,9,800
2025-11-25,S001,Downtown Flagship,North,P004,Performance Tee,Apparel,23,29,0,0,9,800
