sample_data/sample_sales.csv
date,store_id,store_name,region,product_id,product_name,category,sales,price,promotion,discount_pct,unit_cost,current_stock
2025-09-01,S002,Mall Express,South,P002,Everyday Hoodie,Apparel,16,59,0,0,22,480
2025-09-02,S002,Mall Express,South,P002,Everyday Hoodie,Apparel,15,59,0,0,22,480
2025-09-03,S002,Mall Express,South,P002,Everyday Hoodie,Apparel,16,59,0,0,22,480
2025-09-04,S002,Mall Express,South,P002,Everyday Hoodie,Apparel,13,59,0,0,22,480
2025-09-05,S002,Mall Express,South,P002,Everyday Hoodie,Apparel,10,59,0,0,22,480
2025-09-06,S002,Mall Express,South,P002,Everyday Hoodie,Apparel,21,59,0,0,22,480
2025-09-07,S002,Mall Express,South,P002,Everyday Hoodie,Apparel,10,59,0,0,22,480
2025-09-08,S002,Mall Express,South,P002,Everyday Hoodie,Apparel,17,59,0,0,22,480
2025-09-09,S002,Mall Express,South,P002,Everyday Hoodie,Apparel,12,59,0,0,22,480
2025-09-10,S002,Mall Express,South,P002,Everyday Hoodie,Apparel,10,59,0,0,22,480
2025-09-11,S002,Mall Express,South,P002,Everyday Hoodie,Apparel,11,59,0,0,22,480
2025-09-12,S002,Mall Express,South,P002,Everyday Hoodie,Apparel,16,59,0,0,22,480
2025-09-13,S002,Mall Express,South,P002,Everyday Hoodie,Apparel,17,59,0,0,22,480
2025-09-14,S002,Mall Express,South,P002,Everyday Hoodie,Apparel,19,59,0,0,22,480
2025-09-15,S002,Mall Express,South,P002,Everyday Hoodie,Apparel,12,59,0,0,22,480
2025-09-16,S002,Mall Express,South,P002,Everyday Hoodie,Apparel,21,59,0,0,22,480
2025-09-17,S002,Mall Express,South,P002,Everyday Hoodie,Apparel,14,59,0,0,22,480
2025-09-18,S002,Mall Express,South,P002,Everyday Hoodie,Apparel,17,59,0,0,22,480
2025-09-19,S002,Mall Express,South,P002,Everyday Hoodie,Apparel,16,59,0,0,22,480
2025-09-20,S002,Mall Express,South,P002,Everyday Hoodie,Apparel,16,59,0,0,22,480
2025-09-21,S002,Mall Express,South,P002,Everyday Hoodie,Apparel,12,59,0,0,22,480
2025-09-22,S002,Mall Express,South,P002,Everyday Hoodie,Apparel,9,59,0,0,22,480
2025-09-23,S002,Mall Express,South,P002,Everyday Hoodie,Apparel,17,59,0,0,22,480
2025-09-24,S002,Mall Express,South,P002,Everyday Hoodie,Apparel,17,59,0,0,22,480
2025-09-25,S002,Mall Express,South,P002,Everyday Hoodie,Apparel,12,59,0,0,22,480
2025-09-26,S002,Mall Express,South,P002,Everyday Hoodie,Apparel,17,59,0,0,22,480
2025-09-27,S002,Mall Express,South,P002,Everyday Hoodie,Apparel,19,59,0,0,22,480
2025-09-28,S002,Mall Express,South,P002,Everyday Hoodie,Apparel,14,59,0,0,22,480
2025-09-29,S002,Mall Express,South,P002,Everyday Hoodie,Apparel,15,59,0,0,22,480
2025-09-30,S002,Mall Express,South,P002,Everyday Hoodie,Apparel,15,50.15,1,15,22,480
2025-10-01,S002,Mall Express,South,P002,Everyday Hoodie,Apparel,24,50.15,1,15,22,480
2025-10-02,S002,Mall Express,South,P002,Everyday Hoodie,Apparel,23,50.15,1,15,22,480
2025-10-03,S002,Mall Express,South,P002,Everyday Hoodie,Apparel,19,50.15,1,15,22,480
2025-10-04,S002,Mall Express,South,P002,Everyday Hoodie,Apparel,22,59,0,0,22,480
2025-10-05,S002,Mall Express,South,P002,Everyday Hoodie,Apparel,18,59,0,0,22,480
2025-10-06,S002,Mall Express,South,P002,Everyday Hoodie,Apparel,13,59,0,0,22,480
2025-10-07,S002,Mall Express,South,P002,Everyday Hoodie,Apparel,16,59,0,0,22,480
2025-10-08,S002,Mall Express,South,P002,Everyday Hoodie,Apparel,13,59,0,0,22,480
2025-10-09,S002,Mall Express,South,P002,Everyday Hoodie,Apparel,17,59,0,0,22,480
2025-10-10,S002,Mall Express,South,P002,Everyday Hoodie,Apparel,13,59,0,0,22,480
2025-10-11,S002,Mall Express,South,P002,Everyday Hoodie,Apparel,18,59,0,0,22,480
2025-10-12,S002,Mall Express,South,P002,Everyday Hoodie,Apparel,20,59,0,0,22,480
2025-10-13,S002,Mall Express,South,P002,Everyday Hoodie,Apparel,19,59,0,0,22,480
2025-10-14,S002,Mall Express,South,P002,Everyday Hoodie,Apparel,10,59,0,0,22,480
2025-10-15,S002,Mall Express,South,P002,Everyday Hoodie,Apparel,13,59,0,0,22,480
2025-10-16,S002,Mall Express,South,P002,Everyday Hoodie,Apparel,15,59,0,0,22,480
2025-10-17,S002,Mall Express,South,P002,Everyday Hoodie,Apparel,10,59,0,0,22,480
2025-10-18,S002,Mall Express,South,P002,Everyday Hoodie,Apparel,21,59,0,0,22,480
2025-10-19,S002,Mall Express,South,P002,Everyday Hoodie,Apparel,17,59,0,0,22,480
2025-10-20,S002,Mall Express,South,P002,Everyday Hoodie,Apparel,16,59,0,0,22,480
2025-10-21,S002,Mall Express,South,P002,Everyday Hoodie,Apparel,13,59,0,0,22,480
2025-10-22,S002,Mall Express,South,P002,Everyday Hoodie,Apparel,15,59,0,0,22,480
2025-10-23,S002,Mall Express,South,P002,Everyday Hoodie,Apparel,15,59,0,0,22,480
2025-10-24,S002,Mall Express,South,P002,Everyday Hoodie,Apparel,13,59,0,0,22,480
2025-10-25,S002,Mall Express,South,P002,Everyday Hoodie,Apparel,18,59,0,0,22,480
2025-10-26,S002,Mall Express,South,P002,Everyday Hoodie,Apparel,14,59,0,0,22,480
2025-10-27,S002,Mall Express,South,P002,Everyday Hoodie,Apparel,17,59,0,0,22,480
2025-10-28,S002,Mall Express,South,P002,Everyday Hoodie,Apparel,18,59,0,0,22,480
2025-10-29,S002,Mall Express,South,P002,Everyday Hoodie,Apparel,12,59,0,0,22,480
2025-10-30,S002,Mall Express,South,P002,Everyday Hoodie,Apparel,13,59,0,0,22,480
2025-10-31,S002,Mall Express,South,P002,Everyday Hoodie,Apparel,9,59,0,0,22,480
2025-11-01,S002,Mall Express,South,P002,Everyday Hoodie,Apparel,18,59,0,0,22,480
2025-11-02,S002,Mall Express,South,P002,Everyday Hoodie,Apparel,14,59,0,0,22,480
2025-11-03,S002,Mall Express,South,P002,Everyday Hoodie,Apparel,23,50.15,1,15,22,480
2025-11-04,S002,Mall Express,South,P002,Everyday Hoodie,Apparel,18,50.15,1,15,22,480
2025-11-05,S002,Mall Express,South,P002,Everyday Hoodie,Apparel,21,50.15,1,15,22,480
2025-11-06,S002,Mall Express,South,P002,Everyday Hoodie,Apparel,22,50.15,1,15,22,480
2025-11-07,S002,Mall Express,South,P002,Everyday Hoodie,Apparel,14,59,0,0,22,480
2025-11-08,S002,Mall Express,South,P002,Everyday Hoodie,Apparel,25,59,0,0,22,480
2025-11-09,S002,Mall Express,South,P002,Everyday Hoodie,Apparel,18,59,0,0,22,480
2025-11-10,S002,Mall Express,South,P002,Everyday Hoodie,Apparel,14,59,0,0,22,480
2025-11-11,S002,Mall Express,South,P002,Everyday Hoodie,Apparel,13,59,0,0,22,480
2025-11-12,S002,Mall Express,South,P002,Everyday Hoodie,Apparel,16,59,0,0,22,480
2025-11-13,S002,Mall Express,South,P002,Everyday Hoodie,Apparel,20,59,0,0,22,480
2025-11-14,S002,Mall Express,South,P002,Everyday Hoodie,Apparel,18,59,0,0,22,480
2025-11-15,S002,Mall Express,South,P002,Everyday Hoodie,Apparel,15,59,0,0,22,480
2025-11-16,S002,Mall Express,South,P002,Everyday Hoodie,Apparel,21,59,0,0,22,480
2025-11-17,S002,Mall Express,South,P002,Everyday Hoodie,Apparel,15,59,0,0,22,480
2025-11-18,S002,Mall Express,South,P002,Everyday Hoodie,Apparel,15,59,0,0,22,480
2025-11-19,S002,Mall Express,South,P002,Everyday Hoodie,Apparel,15,59,0,0,22,480
2025-11-20,S002,Mall Express,South,P002,Everyday Hoodie,Apparel,20,59,0,0,22,480
2025-11-21,S002,Mall Express,South,P002,Everyday Hoodie,Apparel,19,59,0,0,22,480
2025-11-22,S002,Mall Express,South,P002,Everyday Hoodie,Apparel,20,59,0,0,22,480
2025-11-23,S002,Mall Express,South,P002,Everyday Hoodie,Apparel,19,59,0,0,22,480
2025-11-24,S002,Mall Express,South,P002,Everyday Hoodie,Apparel,14,59,0,0,22,480
2025-11-25,S002,Mall Express,South,P002,Everyday Hoodie,Apparel,18,59,0,0,22,480
2025-11-26,S002,Mall Express,South,P002,Everyday Hoodie,Apparel,15,59,0,0,22,480
2025-11-27,S002,Mall Express,South,P002,Everyday Hoodie,Apparel,13,59,0,0,22,480
2025-11-28,S002,Mall Express,South,P002,Everyday Hoodie,Apparel,13,59,0,0,22,480
2025-11-29,S002,Mall Express,South,P002,Everyday Hoodie,Apparel,21,59,0,0,22,480
2025-11-30,S002,Mall Express,South,P002,Everyday Hoodie,Apparel,22,59,0,0,22,480
2025-12-01,S002,Mall Express,South,P002,Everyday Hoodie,Apparel,21,59,0,0,22,480
2025-12-02,S002,Mall Express,South,P002,Everyday Hoodie,Apparel,14,59,0,0,22,480
2025-12-03,S002,Mall Express,South,P002,Everyday Hoodie,Apparel,19,59,0,0,22,480
2025-12-04,S002,Mall Express,South,P002,Everyday Hoodie,Apparel,13,59,0,0,22,480
2025-12-05,S002,Mall Express,South,P002,Everyday Hoodie,Apparel,18,59,0,0,22,480
2025-12-06,S002,Mall Express,South,P002,Everyday Hoodie,Apparel,21,59,0,0,22,480
2025-12-07,S002,Mall Express,South,P002,Everyday Hoodie,Apparel,26,50.15,1,15,22,480
2025-12-08,S002,Mall Express,South,P002,Everyday Hoodie,Apparel,24,50.15,1,15,22,480
2025-12-09,S002,Mall Express,South,P002,Everyday Hoodie,Apparel,23,50.15,1,15,22,480
2025-12-10,S002,Mall Express,South,P002,Everyday Hoodie,Apparel,22,50.15,1,15,22,480
2025-12-11,S002,Mall Express,South,P002,Everyday Hoodie,Apparel,15,59,0,0,22,480
2025-12-12,S002,Mall Express,South,P002,Everyday Hoodie,Apparel,18,59,0,0,22,480
2025-12-13,S002,Mall Express,South,P002,Everyday Hoodie,Apparel,16,59,0,0,22,480
2025-12-14,S002,Mall Express,South,P002,Everyday Hoodie,Apparel,26,59,0,0,22,480
2025-12-15,S002,Mall Express,South,P002,Everyday Hoodie,Apparel,14,59,0,0,22,480
2025-12-16,S002,Mall Express,South,P002,Everyday Hoodie,Apparel,16,59,0,0,22,480
2025-12-17,S002,Mall Express,South,P002,Everyday Hoodie,Apparel,16,59,0,0,22,480
2025-12-18,S002,Mall Express,South,P002,Everyday Hoodie,Apparel,18,59,0,0,22,480
2025-12-19,S002,Mall Express,South,P002,Everyday Hoodie,Apparel,18,59,0,0,22,480
2025-12-20,S002,Mall Express,South,P002,Everyday Hoodie,Apparel,21,59,0,0,22,480
2025-12-21,S002,Mall Express,South,P002,Everyday Hoodie,Apparel,22,59,0,0,22,480
2025-12-22,S002,Mall Express,South,P002,Everyday Hoodie,Apparel,21,59,0,0,22,480
2025-12-23,S002,Mall Express,South,P002,Everyday Hoodie,Apparel,16,59,0,0,22,480
2025-12-24,S002,Mall Express,South,P002,Everyday Hoodie,Apparel,20,59,0,0,22,480
2025-12-25,S002,Mall Express,South,P002,Everyday Hoodie,Apparel,13,59,0,0,22,480
2025-12-26,S002,Mall Express,South,P002,Everyday Hoodie,Apparel,16,59,0,0,22,480
2025-12-27,S002,Mall Express,South,P002,Everyday Hoodie,Apparel,23,59,0,0,22,480
2025-12-28,S002,Mall Express,South,P002,Everyday Hoodie,Apparel,20,59,0,0,22,480
2025-12-29,S002,Mall Express,South,P002,Everyday Hoodie,Apparel,20,59,0,0,22,480
2025-12-30,S002,Mall Express,South,P002,Everyday Hoodie,Apparel,19,59,0,0,22,480
2025-12-31,S002,Mall Express,South,P002,Everyday Hoodie,Apparel,21,59,0,0,22,480
2025-01-01,S002,Mall Express,South,P003,Urban Backpack,Accessories,33,41.65,1,15,18,350
2025-01-02,S002,Mall Express,South,P003,Urban Backpack,Accessories,32,41.65,1,15,18,350
2025-01-03,S002,Mall Express,South,P003,Urban Backpack,Accessories,34,41.65,1,15,18,350
2025-01-04,S002,Mall Express,South,P003,Urban Backpack,Accessories,41,41.65,1,15,18,350
2025-01-05,S002,Mall Express,South,P003,Urban Backpack,Accessories,25,49,0,0,18,350
2025-01-06,S002,Mall Express,South,P003,Urban Backpack,Accessories,23,49,0,0,18,350
2025-01-07,S002,Mall Express,South,P003,Urban Backpack,Accessories,22,49,0,0,18,350
2025-01-08,S002,Mall Express,South,P003,Urban Backpack,Accessories,26,49,0,0,18,350
2025-01-09,S002,Mall Express,South,P003,Urban Backpack,Accessories,21,49,0,0,18,350
2025-01-10,S002,Mall Express,South,P003,Urban Backpack,Accessories,28,49,0,0,18,350
2025-01-11,S002,Mall Express,South,P003,Urban Backpack,Accessories,35,49,0,0,18,350
2025-01-12,S002,Mall Express,South,P003,Urban Backpack,Accessories,29,49,0,0,18,350
2025-01-13,S002,Mall Express,South,P003,Urban Backpack,Accessories,27,49,0,0,18,350
2025-01-14,S002,Mall Express,South,P003,Urban Backpack,Accessories,24,49,0,0,18,350
2025-01-15,S002,Mall Express,South,P003,Urban Backpack,Accessories,24,49,0,0,18,350
2025-01-16,S002,Mall Express,South,P003,Urban Backpack,Accessories,25,49,0,0,18,350
2025-01-17,S002,Mall Express,South,P003,Urban Backpack,Accessories,29,49,0,0,18,350
2025-01-18,S002,Mall Express,South,P003,Urban Backpack,Accessories,29,49,0,0,18,350
2025-01-19,S002,Mall Express,South,P003,Urban Backpack,Accessories,25,49,0,0,18,350
2025-01-20,S002,Mall Express,South,P003,Urban Backpack,Accessories,24,49,0,0,18,350
2025-01-21,S002,Mall Express,South,P003,Urban Backpack,Accessories,24,49,0,0,18,350
2025-01-22,S002,Mall Express,South,P003,Urban Backpack,Accessories,23,49,0,0,18,350
2025-01-23,S002,Mall Express,South,P003,Urban Backpack,Accessories,25,49,0,0,18,350
2025-01-24,S002,Mall Express,South,P003,Urban Backpack,Accessories,22,49,0,0,18,350
2025-01-25,S002,Mall Express,South,P003,Urban Backpack,Accessories,30,49,0,0,18,350
2025-01-26,S002,Mall Express,South,P003,Urban Backpack,Accessories,28,49,0,0,18,350
2025-01-27,S002,Mall Express,South,P003,Urban Backpack,Accessories,28,49,0,0,18,350
2025-01-28,S002,Mall Express,South,P003,Urban Backpack,Accessories,25,49,0,0,18,350
2025-01-29,S002,Mall Express,South,P003,Urban Backpack,Accessories,26,49,0,0,18,350
2025-01-30,S002,Mall Express,South,P003,Urban Backpack,Accessories,26,49,0,0,18,350
2025-01-31,S002,Mall Express,South,P003,Urban Backpack,Accessories,24,49,0,0,18,350
2025-02-01,S002,Mall Express,South,P003,Urban Backpack,Accessories,28,49,0,0,18,350
2025-02-02,S002,Mall Express,South,P003,Urban Backpack,Accessories,34,49,0,0,18,350
2025-02-03,S002,Mall Express,South,P003,Urban Backpack,Accessories,18,49,0,0,18,350
2025-02-04,S002,Mall Express,South,P003,Urban Backpack,Accessories,25,49,0,0,18,350
2025-02-05,S002,Mall Express,South,P003,Urban Backpack,Accessories,25,49,0,0,18,350
2025-02-06,S002,Mall Express,South,P003,Urban Backpack,Accessories,20,49,0,0,18,350
2025-02-07,S002,Mall Express,South,P003,Urban Backpack,Accessories,40,41.65,1,15,18,350
2025-02-08,S002,Mall Express,South,P003,Urban Backpack,Accessories,45,41.65,1,15,18,350
2025-02-09,S002,Mall Express,South,P003,Urban Backpack,Accessories,40,41.65,1,15,18,350
2025-02-10,S002,Mall Express,South,P003,Urban Backpack,Accessories,32,41.65,1,15,18,350
2025-02-11,S002,Mall Express,South,P003,Urban Backpack,Accessories,24,49,0,0,18,350
2025-02-12,S002,Mall Express,South,P003,Urban Backpack,Accessories,26,49,0,0,18,350
2025-02-13,S002,Mall Express,South,P003,Urban Backpack,Accessories,22,49,0,0,18,350
2025-02-14,S002,Mall Express,South,P003,Urban Backpack,Accessories,24,49,0,0,18,350
2025-02-15,S002,Mall Express,South,P003,Urban Backpack,Accessories,35,49,0,0,18,350
2025-02-16,S002,Mall Express,South,P003,Urban Backpack,Accessories,32,49,0,0,18,350
2025-02-17,S002,Mall Express,South,P003,Urban Backpack,Accessories,25,49,0,0,18,350
2025-02-18,S002,Mall Express,South,P003,Urban Backpack,Accessories,26,49,0,0,18,350
2025-02-19,S002,Mall Express,South,P003,Urban Backpack,Accessories,22,49,0,0,18,350
2025-02-20,S002,Mall Express,South,P003,Urban Backpack,Accessories,20,49,0,0,18,350
2025-02-21,S002,Mall Express,South,P003,Urban Backpack,Accessories,25,49,0,0,18,350
2025-02-22,S002,Mall Express,South,P003,Urban Backpack,Accessories,36,49,0,0,18,350
2025-02-23,S002,Mall Express,South,P003,Urban Backpack,Accessories,32,49,0,0,18,350
2025-02-24,S002,Mall Express,South,P003,Urban Backpack,Accessories,27,49,0,0,18,350
2025-02-25,S002,Mall Express,South,P003,Urban Backpack,Accessories,26,49,0,0,18,350
2025-02-26,S002,Mall Express,South,P003,Urban Backpack,Accessories,27,49,0,0,18,350
2025-02-27,S002,Mall Express,South,P003,Urban Backpack,Accessories,25,49,0,0,18,350
2025-02-28,S002,Mall Express,South,P003,Urban Backpack,Accessories,27,49,0,0,18,350
2025-03-01,S002,Mall Express,South,P003,Urban Backpack,Accessories,31,49,0,0,18,350
2025-03-02,S002,Mall Express,South,P003,Urban Backpack,Accessories,32,49,0,0,18,350
2025-03-03,S002,Mall Express,South,P003,Urban Backpack,Accessories,25,49,0,0,18,350
2025-03-04,S002,Mall Express,South,P003,Urban Backpack,Accessories,23,49,0,0,18,350
2025-03-05,S002,Mall Express,South,P003,Urban Backpack,Accessories,26,49,0,0,18,350
2025-03-06,S002,Mall Express,South,P003,Urban Backpack,Accessories,25,49,0,0,18,350
2025-03-07,S002,Mall Express,South,P003,Urban Backpack,Accessories,29,49,0,0,18,350
2025-03-08,S002,Mall Express,South,P003,Urban Backpack,Accessories,27,49,0,0,18,350
2025-03-09,S002,Mall Express,South,P003,Urban Backpack,Accessories,30,49,0,0,18,350
2025-03-10,S002,Mall Express,South,P003,Urban Backpack,Accessories,24,49,0,0,18,350
2025-03-11,S002,Mall Express,South,P003,Urban Backpack,Accessories,26,49,0,0,18,350
2025-03-12,S002,Mall Express,South,P003,Urban Backpack,Accessories,25,49,0,0,18,350
2025-03-13,S002,Mall Express,South,P003,Urban Backpack,Accessories,30,49,0,0,18,350
2025-03-14,S002,Mall Express,South,P003,Urban Backpack,Accessories,22,49,0,0,18,350
2025-03-15,S002,Mall Express,South,P003,Urban Backpack,Accessories,39,49,0,0,18,350
2025-03-16,S002,Mall Express,South,P003,Urban Backpack,Accessories,49,41.65,1,15,18,350
2025-03-17,S002,Mall Express,South,P003,Urban Backpack,Accessories,37,41.65,1,15,18,350
2025-03-18,S002,Mall Express,South,P003,Urban Backpack,Accessories,37,41.65,1,15,18,350
2025-03-19,S002,Mall Express,South,P003,Urban Backpack,Accessories,37,41.65,1,15,18,350
2025-03-20,S002,Mall Express,South,P003,Urban Backpack,Accessories,28,49,0,0,18,350
2025-03-21,S002,Mall Express,South,P003,Urban Backpack,Accessories,23,49,0,0,18,350
2025-03-22,S002,Mall Express,South,P003,Urban Backpack,Accessories,40,49,0,0,18,350
2025-03-23,S002,Mall Express,South,P003,Urban Backpack,Accessories,32,49,0,0,18,350
2025-03-24,S002,Mall Express,South,P003,Urban Backpack,Accessories,26,49,0,0,18,350
2025-03-25,S002,Mall Express,South,P003,Urban Backpack,Accessories,19,49,0,0,18,350
2025-03-26,S002,Mall Express,South,P003,Urban Backpack,Accessories,27,49,0,0,18,350
2025-03-27,S002,Mall Express,South,P003,Urban Backpack,Accessories,33,49,0,0,18,350
2025-03-28,S002,Mall Express,South,P003,Urban Backpack,Accessories,27,49,0,0,18,350
2025-03-29,S002,Mall Express,South,P003,Urban Backpack,Accessories,35,49,0,0,18,350
2025-03-30,S002,Mall Express,South,P003,Urban Backpack,Accessories,37,49,0,0,18,350
2025-03-31,S002,Mall Express,South,P003,Urban Backpack,Accessories,25,49,0,0,18,350
2025-04-01,S002,Mall Express,South,P003,Urban Backpack,Accessories,23,49,0,0,18,350
2025-04-02,S002,Mall Express,South,P003,Urban Backpack,Accessories,24,49,0,0,18,350
2025-04-03,S002,Mall Express,South,P003,Urban Backpack,Accessories,25,49,0,0,18,350
