sample_data/sample_sales.csv
date,store_id,store_name,region,product_id,product_name,category,sales,price,promotion,discount_pct,unit_cost,current_stock
2025-03-03,S003,Riverside Market,West,P002,Everyday Hoodie,Apparel,19,59,0,0,22,480
2025-03-04,S003,Riverside Market,West,P002,Everyday Hoodie,Apparel,26,59,0,0,22,480
2025-03-05,S003,Riverside Market,West,P002,Everyday Hoodie,Apparel,22,59,0,0,22,480
2025-03-06,S003,Riverside Market,West,P002,Everyday Hoodie,Apparel,24,59,0,0,22,480
2025-03-07,S003,Riverside Market,West,P002,Everyday Hoodie,Apparel,23,59,0,0,22,480
2025-03-08,S003,Riverside Market,West,P002,Everyday Hoodie,Apparel,32,59,0,0,22,480
2025-03-09,S003,Riverside Market,West,P002,Everyday Hoodie,Apparel,34,59,0,0,22,480
2025-03-10,S003,Riverside Market,West,P002,Everyday Hoodie,Apparel,34,50.15,1,15,22,480
2025-03-11,S003,Riverside Market,West,P002,Everyday Hoodie,Apparel,33,50.15,1,15,22,480
2025-03-12,S003,Riverside Market,West,P002,Everyday Hoodie,Apparel,30,50.15,1,15,22,480
2025-03-13,S003,Riverside Market,West,P002,Everyday Hoodie,Apparel,33,50.15,1,15,22,480
2025-03-14,S003,Riverside Market,West,P002,Everyday Hoodie,Apparel,25,59,0,0,22,480
2025-03-15,S003,Riverside Market,West,P002,Everyday Hoodie,Apparel,28,59,0,0,22,480
2025-03-16,S003,Riverside Market,West,P002,Everyday Hoodie,Apparel,30,59,0,0,22,480
2025-03-17,S003,Riverside Market,West,P002,Everyday Hoodie,Apparel,25,59,0,0,22,480
2025-03-18,S003,Riverside Market,West,P002,Everyday Hoodie,Apparel,19,59,0,0,22,480
2025-03-19,S003,Riverside Market,West,P002,Everyday Hoodie,Apparel,26,59,0,0,22,480
2025-03-20,S003,Riverside Market,West,P002,Everyday Hoodie,Apparel,26,59,0,0,22,480
2025-03-21,S003,Riverside Market,West,P002,Everyday Hoodie,Apparel,25,59,0,0,22,480
2025-03-22,S003,Riverside Market,West,P002,Everyday Hoodie,Apparel,28,59,0,0,22,480
2025-03-23,S003,Riverside Market,West,P002,Everyday Hoodie,Apparel,34,59,0,0,22,480
2025-03-24,S003,Riverside Market,West,P002,Everyday Hoodie,Apparel,25,59,0,0,22,480
2025-03-25,S003,Riverside Market,West,P002,Everyday Hoodie,Apparel,27,59,0,0,22,480
2025-03-26,S003,Riverside Market,West,P002,Everyday Hoodie,Apparel,27,59,0,0,22,480
2025-03-27,S003,Riverside Market,West,P002,Everyday Hoodie,Apparel,26,59,0,0,22,480
2025-03-28,S003,Riverside Market,West,P002,Everyday Hoodie,Apparel,21,59,0,0,22,480
2025-03-29,S003,Riverside Market,West,P002,Everyday Hoodie,Apparel,30,59,0,0,22,480
2025-03-30,S003,Riverside Market,West,P002,Everyday Hoodie,Apparel,31,59,0,0,22,480
2025-03-31,S003,Riverside Market,West,P002,Everyday Hoodie,Apparel,20,59,0,0,22,480
2025-04-01,S003,Riverside Market,West,P002,Everyday Hoodie,Apparel,26,59,0,0,22,480
2025-04-02,S003,Riverside Market,West,P002,Everyday Hoodie,Apparel,26,59,0,0,22,480
2025-04-03,S003,Riverside Market,West,P002,Everyday Hoodie,Apparel,23,59,0,0,22,480
2025-04-04,S003,Riverside Market,West,P002,Everyday Hoodie,Apparel,24,59,0,0,22,480
2025-04-05,S003,Riverside Market,West,P002,Everyday Hoodie,Apparel,31,59,0,0,22,480
2025-04-06,S003,Riverside Market,West,P002,Everyday Hoodie,Apparel,31,59,0,0,22,480
2025-04-07,S003,Riverside Market,West,P002,Everyday Hoodie,Apparel,25,59,0,0,22,480
2025-04-08,S003,Riverside Market,West,P002,Everyday Hoodie,Apparel,27,59,0,0,22,480
2025-04-09,S003,Riverside Market,West,P002,Everyday Hoodie,Apparel,25,59,0,0,22,480
2025-04-10,S003,Riverside Market,West,P002,Everyday Hoodie,Apparel,21,59,0,0,22,480
2025-04-11,S003,Riverside Market,West,P002,Everyday Hoodie,Apparel,27,59,0,0,22,480
2025-04-12,S003,Riverside Market,West,P002,Everyday Hoodie,Apparel,27,59,0,0,22,480
2025-04-13,S003,Riverside Market,West,P002,Everyday Hoodie,Apparel,40,50.15,1,15,22,480
2025-04-14,S003,Riverside Market,West,P002,Everyday Hoodie,Apparel,37,50.15,1,15,22,480
2025-04-15,S003,Riverside Market,West,P002,Everyday Hoodie,Apparel,31,50.15,1,15,22,480
2025-04-16,S003,Riverside Market,West,P002,Everyday Hoodie,Apparel,38,50.15,1,15,22,480
2025-04-17,S003,Riverside Market,West,P002,Everyday Hoodie,Apparel,25,59,0,0,22,480
2025-04-18,S003,Riverside Market,West,P002,Everyday Hoodie,Apparel,23,59,0,0,22,480
2025-04-19,S003,Riverside Market,West,P002,Everyday Hoodie,Apparel,27,59,0,0,22,480
2025-04-20,S003,Riverside Market,West,P002,Everyday Hoodie,Apparel,33,59,0,0,22,480
2025-04-21,S003,Riverside Market,West,P002,Everyday Hoodie,Apparel,20,59,0,0,22,480
2025-04-22,S003,Riverside Market,West,P002,Everyday Hoodie,Apparel,24,59,0,0,22,480
2025-04-23,S003,Riverside Market,West,P002,Everyday Hoodie,Apparel,23,59,0,0,22,480
2025-04-24,S003,Riverside Market,West,P002,Everyday Hoodie,Apparel,22,59,0,0,22,480
2025-04-25,S003,Riverside Market,West,P002,Everyday Hoodie,Apparel,34,59,0,0,22,480
2025-04-26,S003,Riverside Market,West,P002,Everyday Hoodie,Apparel,34,59,0,0,22,480
2025-04-27,S003,Riverside Market,West,P002,Everyday Hoodie,Apparel,31,59,0,0,22,480
2025-04-28,S003,Riverside Market,West,P002,Everyday Hoodie,Apparel,26,59,0,0,22,480
2025-04-29,S003,Riverside Market,West,P002,Everyday Hoodie,Apparel,26,59,0,0,22,480
2025-04-30,S003,Riverside Market,West,P002,Everyday Hoodie,Apparel,25,59,0,0,22,480
2025-05-01,S003,Riverside Market,West,P002,Everyday Hoodie,Apparel,25,59,0,0,22,480
2025-05-02,S003,Riverside Market,West,P002,Everyday Hoodie,Apparel,28,59,0,0,22,480
2025-05-03,S003,Riverside Market,West,P002,Everyday Hoodie,Apparel,30,59,0,0,22,480
2025-05-04,S003,Riverside Market,West,P002,Everyday Hoodie,Apparel,34,59,0,0,22,480
2025-05-05,S003,Riverside Market,West,P002,Everyday Hoodie,Apparel,26,59,0,0,22,480
2025-05-06,S003,Riverside Market,West,P002,Everyday Hoodie,Apparel,26,59,0,0,22,480
2025-05-07,S003,Riverside Market,West,P002,Everyday Hoodie,Apparel,25,59,0,0,22,480
2025-05-08,S003,Riverside Market,West,P002,Everyday Hoodie,Apparel,24,59,0,0,22,480
2025-05-09,S003,Riverside Market,West,P002,Everyday Hoodie,Apparel,22,59,0,0,22,480
2025-05-10,S003,Riverside Market,West,P002,Everyday Hoodie,Apparel,30,59,0,0,22,480
2025-05-11,S003,Riverside Market,West,P002,Everyday Hoodie,Apparel,28,59,0,0,22,480
2025-05-12,S003,Riverside Market,West,P002,Everyday Hoodie,Apparel,26,59,0,0,22,480
2025-05-13,S003,Riverside Market,West,P002,Everyday Hoodie,Apparel,28,59,0,0,22,480
2025-05-14,S003,Riverside Market,West,P002,Everyday Hoodie,Apparel,20,59,0,0,22,480
2025-05-15,S003,Riverside Market,West,P002,Everyday Hoodie,Apparel,23,59,0,0,22,480
2025-05-16,S003,Riverside Market,West,P002,Everyday Hoodie,Apparel,27,59,0,0,22,480
2025-05-17,S003,Riverside Market,West,P002,Everyday Hoodie,Apparel,44,50.15,1,15,22,480
2025-05-18,S003,Riverside Market,West,P002,Everyday Hoodie,Apparel,38,50.15,1,15,22,480
2025-05-19,S003,Riverside Market,West,P002,Everyday Hoodie,Apparel,34,50.15,1,15,22,480
2025-05-20,S003,Riverside Market,West,P002,Everyday Hoodie,Apparel,32,50.15,1,15,22,480
2025-05-21,S003,Riverside Market,West,P002,Everyday Hoodie,Apparel,20,59,0,0,22,480
2025-05-22,S003,Riverside Market,West,P002,Everyday Hoodie,Apparel,21,59,0,0,22,480
2025-05-23,S003,Riverside Market,West,P002,Everyday Hoodie,Apparel,28,59,0,0,22,480
2025-05-24,S003,Riverside Market,West,P002,Everyday Hoodie,Apparel,23,59,0,0,22,480
2025-05-25,S003,Riverside Market,West,P002,Everyday Hoodie,Apparel,28,59,0,0,22,480
2025-05-26,S003,Riverside Market,West,P002,Everyday Hoodie,Apparel,24,59,0,0,22,480
2025-05-27,S003,Riverside Market,West,P002,Everyday Hoodie,Apparel,19,59,0,0,22,480
2025-05-28,S003,Riverside Market,West,P002,Everyday Hoodie,Apparel,25,59,0,0,22,480
2025-05-29,S003,Riverside Market,West,P002,Everyday Hoodie,Apparel,25,59,0,0,22,480
2025-05-30,S003,Riverside Market,West,P002,Everyday Hoodie,Apparel,20,59,0,0,22,480
2025-05-31,S003,Riverside Market,West,P002,Everyday Hoodie,Apparel,26,59,0,0,22,480
2025-06-01,S003,Riverside Market,West,P002,Everyday Hoodie,Apparel,26,59,0,0,22,480
2025-06-02,S003,Riverside Market,West,P002,Everyday Hoodie,Apparel,19,59,0,0,22,480
2025-06-03,S003,Riverside Market,West,P002,Everyday Hoodie,Apparel,20,59,0,0,22,480
2025-06-04,S003,Riverside Market,West,P002,Everyday Hoodie,Apparel,20,59,0,0,22,480
2025-06-05,S003,Riverside Market,West,P002,Everyday Hoodie,Apparel,24,59,0,0,22,480
2025-06-06,S003,Riverside Market,West,P002,Everyday Hoodie,Apparel,24,59,0,0,22,480
2025-06-07,S003,Riverside Market,West,P002,Everyday Hoodie,Apparel,23,59,0,0,22,480
2025-06-08,S003,Riverside Market,West,P002,Everyday Hoodie,Apparel,29,59,0,0,22,480
2025-06-09,S003,Riverside Market,West,P002,Everyday Hoodie,Apparel,26,59,0,0,22,480
2025-06-10,S003,Riverside Market,West,P002,Everyday Hoodie,Apparel,25,59,0,0,22,480
2025-06-11,S003,Riverside Market,West,P002,Everyday Hoodie,Apparel,24,59,0,0,22,480
2025-06-12,S003,Riverside Market,West,P002,Everyday Hoodie,Apparel,18,59,0,0,22,480
2025-06-13,S003,Riverside Market,West,P002,Everyday Hoodie,Apparel,18,59,0,0,22,480
2025-06-14,S003,Riverside Market,West,P002,Everyday Hoodie,Apparel,21,59,0,0,22,480
2025-06-15,S003,Riverside Market,West,P002,Everyday Hoodie,Apparel,32,59,0,0,22,480
2025-06-16,S003,Riverside Market,West,P002,Everyday Hoodie,Apparel,25,59,0,0,22,480
2025-06-17,S003,Riverside Market,West,P002,Everyday Hoodie,Apparel,20,59,0,0,22,480
2025-06-18,S003,Riverside Market,West,P002,Everyday Hoodie,Apparel,15,59,0,0,22,480
2025-06-19,S003,Riverside Market,West,P002,Everyday Hoodie,Apparel,19,59,0,0,22,480
2025-06-20,S003,Riverside Market,West,P002,Everyday Hoodie,Apparel,37,50.15,1,15,22,480
2025-06-21,S003,Riverside Market,West,P002,Everyday Hoodie,Apparel,36,50.15,1,15,22,480
2025-06-22,S003,Riverside Market,West,P002,Everyday Hoodie,Apparel,36,50.15,1,15,22,480
2025-06-23,S003,Riverside Market,West,P002,Everyday Hoodie,Apparel,34,50.15,1,15,22,480
2025-06-24,S003,Riverside Market,West,P002,Everyday Hoodie,Apparel,25,59,0,0,22,480
2025-06-25,S003,Riverside Market,West,P002,Everyday Hoodie,Apparel,24,59,0,0,22,480
2025-06-26,S003,Riverside Market,West,P002,Everyday Hoodie,Apparel,21,59,0,0,22,480
2025-06-27,S003,Riverside Market,West,P002,Everyday Hoodie,Apparel,21,59,0,0,22,480
2025-06-28,S003,Riverside Market,West,P002,Everyday Hoodie,Apparel,20,59,0,0,22,480
2025-06-29,S003,Riverside Market,West,P002,Everyday Hoodie,Apparel,27,59,0,0,22,480
2025-06-30,S003,Riverside Market,West,P002,Everyday Hoodie,Apparel,23,59,0,0,22,480
2025-07-01,S003,Riverside Market,West,P002,Everyday Hoodie,Apparel,21,59,0,0,22,480
2025-07-02,S003,Riverside Market,West,P002,Everyday Hoodie,Apparel,20,59,0,0,22,480
2025-07-03,S003,Riverside Market,West,P002,Everyday Hoodie,Apparel,20,59,0,0,22,480
2025-07-04,S003,Riverside Market,West,P002,Everyday Hoodie,Apparel,16,59,0,0,22,480
2025-07-05,S003,Riverside Market,West,P002,Everyday Hoodie,Apparel,24,59,0,0,22,480
2025-07-06,S003,Riverside Market,West,P002,Everyday Hoodie,Apparel,20,59,0,0,22,480
2025-07-07,S003,Riverside Market,West,P002,Everyday Hoodie,Apparel,21,59,0,0,22,480
2025-07-08,S003,Riverside Market,West,P002,Everyday Hoodie,Apparel,22,59,0,0,22,480
2025-07-09,S003,Riverside Market,West,P002,Everyday Hoodie,Apparel,24,59,0,0,22,480
2025-07-10,S003,Riverside Market,West,P002,Everyday Hoodie,Apparel,16,59,0,0,22,480
2025-07-11,S003,Riverside Market,West,P002,Everyday Hoodie,Apparel,18,59,0,0,22,480
2025-07-12,S003,Riverside Market,West,P002,Everyday Hoodie,Apparel,23,59,0,0,22,480
2025-07-13,S003,Riverside Market,West,P002,Everyday Hoodie,Apparel,24,59,0,0,22,480
2025-07-14,S003,Riverside Market,West,P002,Everyday Hoodie,Apparel,20,59,0,0,22,480
2025-07-15,S003,Riverside Market,West,P002,Everyday Hoodie,Apparel,21,59,0,0,22,480
2025-07-16,S003,Riverside Market,West,P002,Everyday Hoodie,Apparel,15,59,0,0,22,480
2025-07-17,S003,Riverside Market,West,P002,Everyday Hoodie,Apparel,23,59,0,0,22,480
2025-07-18,S003,Riverside Market,West,P002,Everyday Hoodie,Apparel,19,59,0,0,22,480
2025-07-19,S003,Riverside Market,West,P002,Everyday Hoodie,Apparel,22,59,0,0,22,480
2025-07-20,S003,Riverside Market,West,P002,Everyday Hoodie,Apparel,28,59,0,0,22,480
2025-07-21,S003,Riverside Market,West,P002,Everyday Hoodie,Apparel,19,59,0,0,22,480
2025-07-22,S003,Riverside Market,West,P002,Everyday Hoodie,Apparel,16,59,0,0,22,480
2025-07-23,S003,Riverside Market,West,P002,Everyday Hoodie,Apparel,13,59,0,0,22,480
2025-07-24,S003,Riverside Market,West,P002,Everyday Hoodie,Apparel,27,50.15,1,15,22,480
2025-07-25,S003,Riverside Market,West,P002,Everyday Hoodie,Apparel,32,50.15,1,15,22,480
2025-07-26,S003,Riverside Market,West,P002,Everyday Hoodie,Apparel,37,50.15,1,15,22,480
2025-07-27,S003,Riverside Market,West,P002,Everyday Hoodie,Apparel,28,50.15,1,15,22,480
2025-07-28,S003,Riverside Market,West,P002,Everyday Hoodie,Apparel,21,59,0,0,22,480
2025-07-29,S003,Riverside Market,West,P002,Everyday Hoodie,Apparel,18,59,0,0,22,480
2025-07-30,S003,Riverside Market,West,P002,Everyday Hoodie,Apparel,24,59,0,0,22,480
2025-07-31,S003,Riverside Market,West,P002,Everyday Hoodie,Apparel,22,59,0,0,22,480
2025-08-01,S003,Riverside Market,West,P002,Everyday Hoodie,Apparel,16,59,0,0,22,480
2025-08-02,S003,Riverside Market,West,P002,Everyday Hoodie,Apparel,22,59,0,0,22,480
2025-08-03,S003,Riverside Market,West,P002,Everyday Hoodie,Apparel,21,59,0,0,22,480
2025-08-04,S003,Riverside Market,West,P002,Everyday Hoodie,Apparel,15,59,0,0,22,480
2025-08-05,S003,Riverside Market,West,P002,Everyday Hoodie,Apparel,23,59,0,0,22,480
2025-08-06,S003,Riverside Market,West,P002,Everyday Hoodie,Apparel,15,59,0,0,22,480
2025-08-07,S003,Riverside Market,West,P002,Everyday Hoodie,Apparel,15,59,0,0,22,480
2025-08-08,S003,Riverside Market,West,P002,Everyday Hoodie,Apparel,17,59,0,0,22,480
2025-08-09,S003,Riverside Market,West,P002,Everyday Hoodie,Apparel,24,59,0,0,22,480
2025-08-10,S003,Riverside Market,West,P002,Everyday Hoodie,Apparel,21,59,0,0,22,480
2025-08-11,S003,Riverside Market,West,P002,Everyday Hoodie,Apparel,16,59,0,0,22,480
2025-08-12,S003,Riverside Market,West,P002,Everyday Hoodie,Apparel,23,59,0,0,22,480
2025-08-13,S003,Riverside Market,West,P002,Everyday Hoodie,Apparel,17,59,0,0,22,480
2025-08-14,S003,Riverside Market,West,P002,Everyday Hoodie,Apparel,18,59,0,0,22,480
2025-08-15,S003,Riverside Market,West,P002,Everyday Hoodie,Apparel,18,59,0,0,22,480
2025-08-16,S003,Riverside Market,West,P002,Everyday Hoodie,Apparel,19,59,0,0,22,480
2025-08-17,S003,Riverside Market,West,P002,Everyday Hoodie,Apparel,27,59,0,0,22,480
2025-08-18,S003,Riverside Market,West,P002,Everyday Hoodie,Apparel,12,59,0,0,22,480
2025-08-19,S003,Riverside Market,West,P002,Everyday Hoodie,Apparel,15,59,0,0,22,480
2025-08-20,S003,Riverside Market,West,P002,Everyday Hoodie,Apparel,16,59,0,0,22,480
2025-08-21,S003,Riverside Market,West,P002,Everyday Hoodie,Apparel,16,59,0,0,22,480
2025-08-22,S003,Riverside Market,West,P002,Everyday Hoodie,Apparel,11,59,0,0,22,480
2025-08-23,S003,Riverside Market,West,P002,Everyday Hoodie,Apparel,21,59,0,0,22,480
2025-08-24,S003,Riverside Market,West,P002,Everyday Hoodie,Apparel,25,59,0,0,22,480
2025-08-25,S003,Riverside Market,West,P002,Everyday Hoodie,Apparel,21,59,0,0,22,480
2025-08-26,S003,Riverside Market,West,P002,Everyday Hoodie,Apparel,18,59,0,0,22,480
2025-08-27,S003,Riverside Market,West,P002,Everyday Hoodie,Apparel,25,50.15,1,15,22,480
2025-08-28,S003,Riverside Market,West,P002,Everyday Hoodie,Apparel,24,50.15,1,15,22,480
2025-08-29,S003,Riverside Market,West,P002,Everyday Hoodie,Apparel,12,50.15,1,15,22,480
2025-08-30,S003,Riverside Market,West,P002,Everyday Hoodie,Apparel,27,50.15,1,15,22,480
2025-08-31,S003,Riverside Market,West,P002,Everyday Hoodie,Apparel,19,59,0,0,22,480
2025-09-01,S003,Riverside Market,West,P002,Everyday Hoodie,Apparel,16,59,0,0,22,480
2025-09-02,S003,Riverside Market,West,P002,Everyday Hoodie,Apparel,11,59,0,0,22,480
2025-09-03,S003,Riverside Market,West,P002,Everyday Hoodie,Apparel,15,59,0,0,22,480
2025-09-04,S003,Riverside Market,West,P002,Everyday Hoodie,Apparel,20,59,0,0,22,480
2025-09-05,S003,Riverside Market,West,P002,Everyday Hoodie,Apparel,13,59,0,0,22,480
2025-09-06,S003,Riverside Market,West,P002,Everyday Hoodie,Apparel,21,59,0,0,22,480
2025-09-07,S003,Riverside Market,West,P002,Everyday Hoodie,Apparel,23,59,0,0,22,480
2025-09-08,S003,Riverside Market,West,P002,Everyday Hoodie,Apparel,16,59,0,0,22,480
2025-09-09,S003,Riverside Market,West,P002,Everyday Hoodie,Apparel,15,59,0,0,22,480
2025-09-10,S003,Riverside Market,West,P002,Everyday Hoodie,Apparel,17,59,0,0,22,480
2025-09-11,S003,Riverside Market,West,P002,Everyday Hoodie,Apparel,18,59,0,0,22,480
2025-09-12,S003,Riverside Market,West,P002,Everyday Hoodie,Apparel,18,59,0,0,22,480
2025-09-13,S003,Riverside Market,West,P002,Everyday Hoodie,Apparel,19,59,0,0,22,480
2025-09-14,S003,Riverside Market,West,P002,Everyday Hoodie,Apparel,17,59,0,0,22,480
2025-09-15,S003,Riverside Market,West,P002,Everyday Hoodie,Apparel,14,59,0,0,22,480
2025-09-16,S003,Riverside Market,West,P002,Everyday Hoodie,Apparel,18,59,0,0,22,480
2025-09-17,S003,Riverside Market,West,P002,Everyday Hoodie,Apparel,13,59,0,0,22,480
2025-09-18,S003,Riverside Market,West,P002,Everyday Hoodie,Apparel,15,59,0,0,22,480
2025-09-19,S003,Riverside Market,West,P002,Everyday Hoodie,Apparel,15,59,0,0,22,480
2025-09-20,S003,Riverside Market,West,P002,Everyday Hoodie,Apparel,17,59,0,0,22,480
2025-09-21,S003,Riverside Market,West,P002,Everyday Hoodie,Apparel,22,59,0,0,22,480
2025-09-22,S003,Riverside Market,West,P002,Everyday Hoodie,Apparel,13,59,0,0,22,480
2025-09-23,S003,Riverside Market,West,P002,Everyday Hoodie,Apparel,14,59,0,0,22,480
2025-09-24,S003,Riverside Market,West,P002,Everyday Hoodie,Apparel,12,59,0,0,22,480
2025-09-25,S003,Riverside Market,West,P002,Everyday Hoodie,Apparel,21,59,0,0,22,480
2025-09-26,S003,Riverside Market,West,P002,Everyday Hoodie,Apparel,16,59,0,0,22,480
2025-09-27,S003,Riverside Market,West,P002,Everyday Hoodie,Apparel,15,59,0,0,22,480
2025-09-28,S003,Riverside Market,West,P002,Everyday Hoodie,Apparel,16,59,0,0,22,480
2025-09-29,S003,Riverside Market,West,P002,Everyday Hoodie,Apparel,14,59,0,0,22,480
