sample_data/sample_sales.csv
date,store_id,store_name,region,product_id,product_name,category,sales,price,promotion,discount_pct,unit_cost,current_stock
2025-09-30,S003,Riverside Market,West,P002,Everyday Hoodie,Apparel,24,50.15,1,15,22,480
2025-10-01,S003,Riverside Market,West,P002,Everyday Hoodie,Apparel,25,50.15,1,15,22,480
2025-10-02,S003,Riverside Market,West,P002,Everyday Hoodie,Apparel,24,50.15,1,15,22,480
2025-10-03,S003,Riverside Market,West,P002,Everyday Hoodie,Apparel,19,50.15,1,15,22,480
2025-10-04,S003,Riverside Market,West,P002,Everyday Hoodie,Apparel,22,59,0,0,22,480
2025-10-05,S003,Riverside Market,West,P002,Everyday Hoodie,Apparel,24,59,0,0,22,480
2025-10-06,S003,Riverside Market,West,P002,Everyday Hoodie,Apparel,20,59,0,0,22,480
2025-10-07,S003,Riverside Market,West,P002,Everyday Hoodie,Apparel,17,59,0,0,22,480
2025-10-08,S003,Riverside Market,West,P002,Everyday Hoodie,Apparel,15,59,0,0,22,480
2025-10-09,S003,Riverside Market,West,P002,Everyday Hoodie,Apparel,12,59,0,0,22,480
2025-10-10,S003,Riverside Market,West,P002,Everyday Hoodie,Apparel,17,59,0,0,22,480
2025-10-11,S003,Riverside Market,West,P002,Everyday Hoodie,Apparel,18,59,0,0,22,480
2025-10-12,S003,Riverside Market,West,P002,Everyday Hoodie,Apparel,22,59,0,0,22,480
2025-10-13,S003,Riverside Market,West,P002,Everyday Hoodie,Apparel,19,59,0,0,22,480
2025-10-14,S003,Riverside Market,West,P002,Everyday Hoodie,Apparel,18,59,0,0,22,480
2025-10-15,S003,Riverside Market,West,P002,Everyday Hoodie,Apparel,15,59,0,0,22,480
2025-10-16,S003,Riverside Market,West,P002,Everyday Hoodie,Apparel,15,59,0,0,22,480
2025-10-17,S003,Riverside Market,West,P002,Everyday Hoodie,Apparel,12,59,0,0,22,480
2025-10-18,S003,Riverside Market,West,P002,Everyday Hoodie,Apparel,16,59,0,0,22,480
2025-10-19,S003,Riverside Market,West,P002,Everyday Hoodie,Apparel,20,59,0,0,22,480
2025-10-20,S003,Riverside Market,West,P002,Everyday Hoodie,Apparel,16,59,0,0,22,480
2025-10-21,S003,Riverside Market,West,P002,Everyday Hoodie,Apparel,9,59,0,0,22,480
2025-10-22,S003,Riverside Market,West,P002,Everyday Hoodie,Apparel,14,59,0,0,22,480
2025-10-23,S003,Riverside Market,West,P002,Everyday Hoodie,Apparel,14,59,0,0,22,480
2025-10-24,S003,Riverside Market,West,P002,Everyday Hoodie,Apparel,13,59,0,0,22,480
2025-10-25,S003,Riverside Market,West,P002,Everyday Hoodie,Apparel,20,59,0,0,22,480
2025-10-26,S003,Riverside Market,West,P002,Everyday Hoodie,Apparel,19,59,0,0,22,480
2025-10-27,S003,Riverside Market,West,P002,Everyday Hoodie,Apparel,10,59,0,0,22,480
2025-10-28,S003,Riverside Market,West,P002,Everyday Hoodie,Apparel,15,59,0,0,22,480
2025-10-29,S003,Riverside Market,West,P002,Everyday Hoodie,Apparel,22,59,0,0,22,480
2025-10-30,S003,Riverside Market,West,P002,Everyday Hoodie,Apparel,12,59,0,0,22,480
2025-10-31,S003,Riverside Market,West,P002,Everyday Hoodie,Apparel,21,59,0,0,22,480
2025-11-01,S003,Riverside Market,West,P002,Everyday Hoodie,Apparel,24,59,0,0,22,480
2025-11-02,S003,Riverside Market,West,P002,Everyday Hoodie,Apparel,20,59,0,0,22,480
2025-11-03,S003,Riverside Market,West,P002,Everyday Hoodie,Apparel,26,50.15,1,15,22,480
2025-11-04,S003,Riverside Market,West,P002,Everyday Hoodie,Apparel,28,50.15,1,15,22,480
2025-11-05,S003,Riverside Market,West,P002,Everyday Hoodie,Apparel,26,50.15,1,15,22,480
2025-11-06,S003,Riverside Market,West,P002,Everyday Hoodie,Apparel,21,50.15,1,15,22,480
2025-11-07,S003,Riverside Market,West,P002,Everyday Hoodie,Apparel,20,59,0,0,22,480
2025-11-08,S003,Riverside Market,West,P002,Everyday Hoodie,Apparel,22,59,0,0,22,480
2025-11-09,S003,Riverside Market,West,P002,Everyday Hoodie,Apparel,19,59,0,0,22,480
2025-11-10,S003,Riverside Market,West,P002,Everyday Hoodie,Apparel,14,59,0,0,22,480
2025-11-11,S003,Riverside Market,West,P002,Everyday Hoodie,Apparel,20,59,0,0,22,480
2025-11-12,S003,Riverside Market,West,P002,Everyday Hoodie,Apparel,13,59,0,0,22,480
2025-11-13,S003,Riverside Market,West,P002,Everyday Hoodie,Apparel,17,59,0,0,22,480
2025-11-14,S003,Riverside Market,West,P002,Everyday Hoodie,Apparel,19,59,0,0,22,480
2025-11-15,S003,Riverside Market,West,P002,Everyday Hoodie,Apparel,22,59,0,0,22,480
2025-11-16,S003,Riverside Market,West,P002,Everyday Hoodie,Apparel,22,59,0,0,22,480
2025-11-17,S003,Riverside Market,West,P002,Everyday Hoodie,Apparel,19,59,0,0,22,480
2025-11-18,S003,Riverside Market,West,P002,Everyday Hoodie,Apparel,16,59,0,0,22,480
2025-11-19,S003,Riverside Market,West,P002,Everyday Hoodie,Apparel,14,59,0,0,22,480
2025-11-20,S003,Riverside Market,West,P002,Everyday Hoodie,Apparel,18,59,0,0,22,480
2025-11-21,S003,Riverside Market,West,P002,Everyday Hoodie,Apparel,16,59,0,0,22,480
2025-11-22,S003,Riverside Market,West,P002,Everyday Hoodie,Apparel,20,59,0,0,22,480
2025-11-23,S003,Riverside Market,West,P002,Everyday Hoodie,Apparel,21,59,0,0,22,480
2025-11-24,S003,Riverside Market,West,P002,Everyday Hoodie,Apparel,18,59,0,0,22,480
2025-11-25,S003,Riverside Market,West,P002,Everyday Hoodie,Apparel,19,59,0,0,22,480
2025-11-26,S003,Riverside Market,West,P002,Everyday Hoodie,Apparel,21,59,0,0,22,480
2025-11-27,S003,Riverside Market,West,P002,Everyday Hoodie,Apparel,15,59,0,0,22,480
2025-11-28,S003,Riverside Market,West,P002,Everyday Hoodie,Apparel,16,59,0,0,22,480
2025-11-29,S003,Riverside Market,West,P002,Everyday Hoodie,Apparel,23,59,0,0,22,480
2025-11-30,S003,Riverside Market,West,P002,Everyday Hoodie,Apparel,16,59,0,0,22,480
2025-12-01,S003,Riverside Market,West,P002,Everyday Hoodie,Apparel,15,59,0,0,22,480
2025-12-02,S003,Riverside Market,West,P002,Everyday Hoodie,Apparel,22,59,0,0,22,480
2025-12-03,S003,Riverside Market,West,P002,Everyday Hoodie,Apparel,24,59,0,0,22,480
2025-12-04,S003,Riverside Market,West,P002,Everyday Hoodie,Apparel,21,59,0,0,22,480
2025-12-05,S003,Riverside Market,West,P002,Everyday Hoodie,Apparel,20,59,0,0,22,480
2025-12-06,S003,Riverside Market,West,P002,Everyday Hoodie,Apparel,23,59,0,0,22,480
2025-12-07,S003,Riverside Market,West,P002,Everyday Hoodie,Apparel,30,50.15,1,15,22,480
2025-12-08,S003,Riverside Market,West,P002,Everyday Hoodie,Apparel,27,50.15,1,15,22,480
2025-12-09,S003,Riverside Market,West,P002,Everyday Hoodie,Apparel,32,50.15,1,15,22,480
2025-12-10,S003,Riverside Market,West,P002,Everyday Hoodie,Apparel,27,50.15,1,15,22,480
2025-12-11,S003,Riverside Market,West,P002,Everyday Hoodie,Apparel,13,59,0,0,22,480
2025-12-12,S003,Riverside Market,West,P002,Everyday Hoodie,Apparel,21,59,0,0,22,480
2025-12-13,S003,Riverside Market,West,P002,Everyday Hoodie,Apparel,24,59,0,0,22,480
2025-12-14,S003,Riverside Market,West,P002,Everyday Hoodie,Apparel,25,59,0,0,22,480
2025-12-15,S003,Riverside Market,West,P002,Everyday Hoodie,Apparel,19,59,0,0,22,480
2025-12-16,S003,Riverside Market,West,P002,Everyday Hoodie,Apparel,21,59,0,0,22,480
2025-12-17,S003,Riverside Market,West,P002,Everyday Hoodie,Apparel,19,59,0,0,22,480
2025-12-18,S003,Riverside Market,West,P002,Everyday Hoodie,Apparel,23,59,0,0,22,480
2025-12-19,S003,Riverside Market,West,P002,Everyday Hoodie,Apparel,20,59,0,0,22,480
2025-12-20,S003,Riverside Market,West,P002,Everyday Hoodie,Apparel,21,59,0,0,22,480
2025-12-21,S003,Riverside Market,West,P002,Everyday Hoodie,Apparel,27,59,0,0,22,480
2025-12-22,S003,Riverside Market,West,P002,Everyday Hoodie,Apparel,16,59,0,0,22,480
2025-12-23,S003,Riverside Market,West,P002,Everyday Hoodie,Apparel,23,59,0,0,22,480
2025-12-24,S003,Riverside Market,West,P002,Everyday Hoodie,Apparel,21,59,0,0,22,480
2025-12-25,S003,Riverside Market,West,P002,Everyday Hoodie,Apparel,20,59,0,0,22,480
2025-12-26,S003,Riverside Market,West,P002,Everyday Hoodie,Apparel,14,59,0,0,22,480
2025-12-27,S003,Riverside Market,West,P002,Everyday Hoodie,Apparel,26,59,0,0,22,480
2025-12-28,S003,Riverside Market,West,P002,Everyday Hoodie,Apparel,24,59,0,0,22,480
2025-12-29,S003,Riverside Market,West,P002,Everyday Hoodie,Apparel,18,59,0,0,22,480
2025-12-30,S003,Riverside Market,West,P002,Everyday Hoodie,Apparel,22,59,0,0,22,480
2025-12-31,S003,Riverside Market,West,P002,Everyday Hoodie,Apparel,17,59,0,0,22,480
2025-01-01,S003,Riverside Market,West,P003,Urban Backpack,Accessories,35,41.65,1,15,18,350
2025-01-02,S003,Riverside Market,West,P003,Urban Backpack,Accessories,34,41.65,1,15,18,350
2025-01-03,S003,Riverside Market,West,P003,Urban Backpack,Accessories,32,41.65,1,15,18,350
2025-01-04,S003,Riverside Market,West,P003,Urban Backpack,Accessories,46,41.65,1,15,18,350
2025-01-05,S003,Riverside Market,West,P003,Urban Backpack,Accessories,32,49,0,0,18,350
2025-01-06,S003,Riverside Market,West,P003,Urban Backpack,Accessories,26,49,0,0,18,350
2025-01-07,S003,Riverside Market,West,P003,Urban Backpack,Accessories,19,49,0,0,18,350
2025-01-08,S003,Riverside Market,West,P003,Urban Backpack,Accessories,27,49,0,0,18,350
2025-01-09,S003,Riverside Market,West,P003,Urban Backpack,Accessories,27,49,0,0,18,350
2025-01-10,S003,Riverside Market,West,P003,Urban Backpack,Accessories,23,49,0,0,18,350
2025-01-11,S003,Riverside Market,West,P003,Urban Backpack,Accessories,31,49,0,0,18,350
2025-01-12,S003,Riverside Market,West,P003,Urban Backpack,Accessories,31,49,0,0,18,350
2025-01-13,S003,Riverside Market,West,P003,Urban Backpack,Accessories,27,49,0,0,18,350
2025-01-14,S003,Riverside Market,West,P003,Urban Backpack,Accessories,26,49,0,0,18,350
2025-01-15,S003,Riverside Market,West,P003,Urban Backpack,Accessories,22,49,0,0,18,350
2025-01-16,S003,Riverside Market,West,P003,Urban Backpack,Accessories,23,49,0,0,18,350
2025-01-17,S003,Riverside Market,West,P003,Urban Backpack,Accessories,26,49,0,0,18,350
2025-01-18,S003,Riverside Market,West,P003,Urban Backpack,Accessories,41,49,0,0,18,350
2025-01-19,S003,Riverside Market,West,P003,Urban Backpack,Accessories,26,49,0,0,18,350
2025-01-20,S003,Riverside Market,West,P003,Urban Backpack,Accessories,22,49,0,0,18,350
2025-01-21,S003,Riverside Market,West,P003,Urban Backpack,Accessories,24,49,0,0,18,350
2025-01-22,S003,Riverside Market,West,P003,Urban Backpack,Accessories,25,49,0,0,18,350
2025-01-23,S003,Riverside Market,West,P003,Urban Backpack,Accessories,27,49,0,0,18,350
2025-01-24,S003,Riverside Market,West,P003,Urban Backpack,Accessories,27,49,0,0,18,350
2025-01-25,S003,Riverside Market,West,P003,Urban Backpack,Accessories,38,49,0,0,18,350
2025-01-26,S003,Riverside Market,West,P003,Urban Backpack,Accessories,34,49,0,0,18,350
2025-01-27,S003,Riverside Market,West,P003,Urban Backpack,Accessories,29,49,0,0,18,350
2025-01-28,S003,Riverside Market,West,P003,Urban Backpack,Accessories,30,49,0,0,18,350
2025-01-29,S003,Riverside Market,West,P003,Urban Backpack,Accessories,29,49,0,0,18,350
2025-01-30,S003,Riverside Market,West,P003,Urban Backpack,Accessories,29,49,0,0,18,350
2025-01-31,S003,Riverside Market,West,P003,Urban Backpack,Accessories,22,49,0,0,18,350
2025-02-01,S003,Riverside Market,West,P003,Urban Backpack,Accessories,32,49,0,0,18,350
2025-02-02,S003,Riverside Market,West,P003,Urban Backpack,Accessories,36,49,0,0,18,350
2025-02-03,S003,Riverside Market,West,P003,Urban Backpack,Accessories,30,49,0,0,18,350
2025-02-04,S003,Riverside Market,West,P003,Urban Backpack,Accessories,28,49,0,0,18,350
2025-02-05,S003,Riverside Market,West,P003,Urban Backpack,Accessories,29,49,0,0,18,350
2025-02-06,S003,Riverside Market,West,P003,Urban Backpack,Accessories,21,49,0,0,18,350
2025-02-07,S003,Riverside Market,West,P003,Urban Backpack,Accessories,39,41.65,1,15,18,350
2025-02-08,S003,Riverside Market,West,P003,Urban Backpack,Accessories,50,41.65,1,15,18,350
2025-02-09,S003,Riverside Market,West,P003,Urban Backpack,Accessories,53,41.65,1,15,18,350
2025-02-10,S003,Riverside Market,West,P003,Urban Backpack,Accessories,40,41.65,1,15,18,350
2025-02-11,S003,Riverside Market,West,P003,Urban Backpack,Accessories,24,49,0,0,18,350
2025-02-12,S003,Riverside Market,West,P003,Urban Backpack,Accessories,28,49,0,0,18,350
2025-02-13,S003,Riverside Market,West,P003,Urban Backpack,Accessories,29,49,0,0,18,350
2025-02-14,S003,Riverside Market,West,P003,Urban Backpack,Accessories,28,49,0,0,18,350
2025-02-15,S003,Riverside Market,West,P003,Urban Backpack,Accessories,33,49,0,0,18,350
2025-02-16,S003,Riverside Market,West,P003,Urban Backpack,Accessories,32,49,0,0,18,350
2025-02-17,S003,Riverside Market,West,P003,Urban Backpack,Accessories,27,49,0,0,18,350
2025-02-18,S003,Riverside Market,West,P003,Urban Backpack,Accessories,24,49,0,0,18,350
2025-02-19,S003,Riverside Market,West,P003,Urban Backpack,Accessories,35,49,0,0,18,350
2025-02-20,S003,Riverside Market,West,P003,Urban Backpack,Accessories,27,49,0,0,18,350
2025-02-21,S003,Riverside Market,West,P003,Urban Backpack,Accessories,29,49,0,0,18,350
2025-02-22,S003,Riverside Market,West,P003,Urban Backpack,Accessories,36,49,0,0,18,350
2025-02-23,S003,Riverside Market,West,P003,Urban Backpack,Accessories,38,49,0,0,18,350
2025-02-24,S003,Riverside Market,West,P003,Urban Backpack,Accessories,30,49,0,0,18,350
2025-02-25,S003,Riverside Market,West,P003,Urban Backpack,Accessories,23,49,0,0,18,350
2025-02-26,S003,Riverside Market,West,P003,Urban Backpack,Accessories,29,49,0,0,18,350
2025-02-27,S003,Riverside Market,West,P003,Urban Backpack,Accessories,29,49,0,0,18,350
2025-02-28,S003,Riverside Market,West,P003,Urban Backpack,Accessories,28,49,0,0,18,350
2025-03-01,S003,Riverside Market,West,P003,Urban Backpack,Accessories,35,49,0,0,18,350
2025-03-02,S003,Riverside Market,West,P003,Urban Backpack,Accessories,31,49,0,0,18,350
2025-03-03,S003,Riverside Market,West,P003,Urban Backpack,Accessories,26,49,0,0,18,350
2025-03-04,S003,Riverside Market,West,P003,Urban Backpack,Accessories,33,49,0,0,18,350
2025-03-05,S003,Riverside Market,West,P003,Urban Backpack,Accessories,24,49,0,0,18,350
2025-03-06,S003,Riverside Market,West,P003,Urban Backpack,Accessories,27,49,0,0,18,350
2025-03-07,S003,Riverside Market,West,P003,Urban Backpack,Accessories,32,49,0,0,18,350
2025-03-08,S003,Riverside Market,West,P003,Urban Backpack,Accessories,27,49,0,0,18,350
2025-03-09,S003,Riverside Market,West,P003,Urban Backpack,Accessories,34,49,0,0,18,350
2025-03-10,S003,Riverside Market,West,P003,Urban Backpack,Accessories,32,49,0,0,18,350
2025-03-11,S003,Riverside Market,West,P003,Urban Backpack,Accessories,21,49,0,0,18,350
2025-03-12,S003,Riverside Market,West,P003,Urban Backpack,Accessories,29,49,0,0,18,350
2025-03-13,S003,Riverside Market,West,P003,Urban Backpack,Accessories,27,49,0,0,18,350
2025-03-14,S003,Riverside Market,West,P003,Urban Backpack,Accessories,32,49,0,0,18,350
2025-03-15,S003,Riverside Market,West,P003,Urban Backpack,Accessories,38,49,0,0,18,350
2025-03-16,S003,Riverside Market,West,P003,Urban Backpack,Accessories,49,41.65,1,15,18,350
2025-03-17,S003,Riverside Market,West,P003,Urban Backpack,Accessories,36,41.65,1,15,18,350
2025-03-18,S003,Riverside Market,West,P003,Urban Backpack,Accessories,38,41.65,1,15,18,350
2025-03-19,S003,Riverside Market,West,P003,Urban Backpack,Accessories,34,41.65,1,15,18,350
2025-03-20,S003,Riverside Market,West,P003,Urban Backpack,Accessories,31,49,0,0,18,350
2025-03-21,S003,Riverside Market,West,P003,Urban Backpack,Accessories,25,49,0,0,18,350
2025-03-22,S003,Riverside Market,West,P003,Urban Backpack,Accessories,37,49,0,0,18,350
2025-03-23,S003,Riverside Market,West,P003,Urban Backpack,Accessories,39,49,0,0,18,350
2025-03-24,S003,Riverside Market,West,P003,Urban Backpack,Accessories,30,49,0,0,18,350
2025-03-25,S003,Riverside Market,West,P003,Urban Backpack,Accessories,30,49,0,0,18,350
2025-03-26,S003,Riverside Market,West,P003,Urban Backpack,Accessories,34,49,0,0,18,350
2025-03-27,S003,Riverside Market,West,P003,Urban Backpack,Accessories,29,49,0,0,18,350
2025-03-28,S003,Riverside Market,West,P003,Urban Backpack,Accessories,29,49,0,0,18,350
2025-03-29,S003,Riverside Market,West,P003,Urban Backpack,Accessories,38,49,0,0,18,350
2025-03-30,S003,Riverside Market,West,P003,Urban Backpack,Accessories,34,49,0,0,18,350
2025-03-31,S003,Riverside Market,West,P003,Urban Backpack,Accessories,29,49,0,0,18,350
2025-04-01,S003,Riverside Market,West,P003,Urban Backpack,Accessories,30,49,0,0,18,350
2025-04-02,S003,Riverside Market,West,P003,Urban Backpack,Accessories,27,49,0,0,18,350
2025-04-03,S003,Riverside Market,West,P003,Urban Backpack,Accessories,34,49,0,0,18,350
2025-04-04,S003,Riverside Market,West,P003,Urban Backpack,Accessories,34,49,0,0,18,350
2025-04-05,S003,Riverside Market,West,P003,Urban Backpack,Accessories,36,49,0,0,18,350
2025-04-06,S003,Riverside Market,West,P003,Urban Backpack,Accessories,39,49,0,0,18,350
2025-04-07,S003,Riverside Market,West,P003,Urban Backpack,Accessories,28,49,0,0,18,350
2025-04-08,S003,Riverside Market,West,P003,Urban Backpack,Accessories,34,49,0,0,18,350
2025-04-09,S003,Riverside Market,West,P003,Urban Backpack,Accessories,34,49,0,0,18,350
2025-04-10,S003,Riverside Market,West,P003,Urban Backpack,Accessories,30,49,0,0,18,350
2025-04-11,S003,Riverside Market,West,P003,Urban Backpack,Accessories,32,49,0,0,18,350
2025-04-12,S003,Riverside Market,West,P003,Urban Backpack,Accessories,35,49,0,0,18,350
2025-04-13,S003,Riverside Market,West,P003,Urban Backpack,Accessories,35,49,0,0,18,350
2025-04-14,S003,Riverside Market,West,P003,Urban Backpack,Accessories,34,49,0,0,18,350
2025-04-15,S003,Riverside Market,West,P003,Urban Backpack,Accessories,28,49,0,0,18,350
2025-04-16,S003,Riverside Market,West,P003,Urban Backpack,Accessories,26,49,0,0,18,350
2025-04-17,S003,Riverside Market,West,P003,Urban Backpack,Accessories,28,49,0,0,18,350
2025-04-18,S003,Riverside Market,West,P003,Urban Backpack,Accessories,26,49,0,0,18,350
2025-04-19,S003,Riverside Market,West,P003,Urban Backpack,Accessories,34,49,0,0,18,350
2025-04-20,S003,Riverside Market,West,P003,Urban Backpack,Accessories,40,49,0,0,18,350
2025-04-21,S003,Riverside Market,West,P003,Urban Backpack,Accessories,30,49,0,0,18,350
2025-04-22,S003,Riverside Market,West,P003,Urban Backpack,Accessories,43,41.65,1,15,18,350
2025-04-23,S003,Riverside Market,West,P003,Urban Backpack,Accessories,42,41.65,1,15,18,350
2025-04-24,S003,Riverside Market,West,P003,Urban Backpack,Accessories,43,41.65,1,15,18,350
